
Fatbin elf code:
================
arch = sm_86
code version = [1,8]
host = windows
compile_size = 64bit
compressed

Resource usage:
 Common:
  GLOBAL:2452
 Function _ZN3cub17CUB_300001_SM_8606detail11EmptyKernelIvEEvv:
  REG:4 STACK:0 SHARED:0 LOCAL:0 CONSTANT[0]:352 TEXTURE:0 SURFACE:0 SAMPLER:0
 Function _ZN4gipc26abd_sim_data_upload_kernelEiN8cudatool11BufferViewTILb1ENS_12TetLocalInfoEEENS1_ILb1E5uint4EENS1_ILb0EiEE:
  REG:16 STACK:0 SHARED:0 LOCAL:0 CONSTANT[0]:432 TEXTURE:0 SURFACE:0 SAMPLER:0
 Function __cuda_sm20_div_rn_f64_full:
  REG:32 STACK:0 SHARED:0 LOCAL:0 TEXTURE:0 SURFACE:0 SAMPLER:0
 Function _ZN8cudatool7details18buffer_fill_kernelIN5Eigen6MatrixIdLi3ELi1ELi0ELi3ELi1EEEEEvPT_yS5_:
  REG:12 STACK:0 SHARED:0 LOCAL:0 CONSTANT[0]:392 TEXTURE:0 SURFACE:0 SAMPLER:0
 Function _ZN8cudatool7details18buffer_fill_kernelIN5Eigen6MatrixIdLi12ELi1ELi0ELi12ELi1EEEEEvPT_yS5_:
  REG:26 STACK:0 SHARED:0 LOCAL:0 CONSTANT[0]:464 TEXTURE:0 SURFACE:0 SAMPLER:0
 Function _ZN8cudatool7details18buffer_fill_kernelIN4gipc19ABDJacobiDyadicMassEEEvPT_yS4_:
  REG:26 STACK:0 SHARED:0 LOCAL:0 CONSTANT[0]:472 TEXTURE:0 SURFACE:0 SAMPLER:0
 Function _ZN8cudatool7details18buffer_fill_kernelIdEEvPT_yS2_:
  REG:8 STACK:0 SHARED:0 LOCAL:0 CONSTANT[0]:376 TEXTURE:0 SURFACE:0 SAMPLER:0
 Function _ZN4gipc25setup_abd_gravity_kernel2EiN8cudatool11BufferViewTILb0EN5Eigen6MatrixIdLi12ELi1ELi0ELi12ELi1EEEEENS1_ILb1ES4_EENS1_ILb1ENS3_IdLi12ELi12ELi0ELi12ELi12EEEEE:
  REG:66 STACK:0 SHARED:0 LOCAL:0 CONSTANT[0]:432 TEXTURE:0 SURFACE:0 SAMPLER:0
 Function _ZN4gipc25setup_abd_gravity_kernel1EiN8cudatool11BufferViewTILb1EN5Eigen6MatrixIdLi12ELi1ELi0ELi12ELi1EEEEENS1_ILb1EiEENS1_ILb0ES4_EE:
  REG:34 STACK:0 SHARED:0 LOCAL:0 CONSTANT[0]:432 TEXTURE:0 SURFACE:0 SAMPLER:0
 Function _ZN4gipc34setup_tet_abd_gravity_force_kernelEiN5Eigen6MatrixIdLi3ELi1ELi0ELi3ELi1EEEN8cudatool11BufferViewTILb1ENS_12TetLocalInfoEEENS4_ILb1EiEENS4_ILb1ENS_9ABDJacobiEEENS4_ILb1EdEEdNS4_ILb0ENS1_IdLi12ELi1ELi0ELi12ELi1EEEEE:
  REG:40 STACK:0 SHARED:0 LOCAL:0 CONSTANT[0]:512 TEXTURE:0 SURFACE:0 SAMPLER:0
 Function _ZN4gipc23setup_abd_volume_kernelEiN8cudatool11BufferViewTILb1EiEENS1_ILb1EdEENS1_ILb0EdEE:
  REG:10 STACK:0 SHARED:0 LOCAL:0 CONSTANT[0]:432 TEXTURE:0 SURFACE:0 SAMPLER:0
 Function _ZN4gipc29setup_abd_dyadic_mass_kernel2EiN8cudatool11BufferViewTILb0EN5Eigen6MatrixIdLi12ELi12ELi0ELi12ELi12EEEEENS1_ILb1ENS_19ABDJacobiDyadicMassEEE:
  REG:46 STACK:2304 SHARED:0 LOCAL:0 CONSTANT[0]:408 TEXTURE:0 SURFACE:0 SAMPLER:0
 Function _ZN4gipc29setup_abd_dyadic_mass_kernel1EiN8cudatool11BufferViewTILb1ENS_19ABDJacobiDyadicMassEEENS1_ILb1EiEENS1_ILb0ES2_EE:
  REG:20 STACK:0 SHARED:0 LOCAL:0 CONSTANT[0]:432 TEXTURE:0 SURFACE:0 SAMPLER:0
 Function _ZN4gipc25setup_tet_abd_mass_kernelEiN8cudatool11BufferViewTILb1ENS_12TetLocalInfoEEENS1_ILb1EiEENS1_ILb1ENS_9ABDJacobiEEENS1_ILb1EdEEdNS1_ILb0ENS_19ABDJacobiDyadicMassEEE:
  REG:48 STACK:0 SHARED:0 LOCAL:0 CONSTANT[0]:488 TEXTURE:0 SURFACE:0 SAMPLER:0
 Function _ZN4gipc22spawn_abd_state_kernelEiN8cudatool11BufferViewTILb1EiEENS1_ILb1EN5Eigen6MatrixIdLi12ELi1ELi0ELi12ELi1EEEEENS1_ILb0ES5_EES6_S7_S6_S7_S6_S7_S2_NS1_ILb0EiEENS1_ILb1ENS4_IdLi3ELi1ELi0ELi3ELi1EEEEE:
  REG:22 STACK:0 SHARED:0 LOCAL:0 CONSTANT[0]:648 TEXTURE:0 SURFACE:0 SAMPLER:0
 Function _ZN4gipc22setup_abd_state_kernelEiN8cudatool11BufferViewTILb0EN5Eigen6MatrixIdLi12ELi1ELi0ELi12ELi1EEEEES5_NS1_ILb1ENS3_IdLi3ELi1ELi0ELi3ELi1EEEEES4_:
  REG:26 STACK:0 SHARED:0 LOCAL:0 CONSTANT[0]:528 TEXTURE:0 SURFACE:0 SAMPLER:0
 Function _ZN4gipc14setup_J_kernelEiN8cudatool11BufferViewTILb1EN5Eigen6MatrixIdLi12ELi1ELi0ELi12ELi1EEEEENS1_ILb0ENS_9ABDJacobiEEENS1_ILb1E7double3EENS1_ILb1EiEE:
  REG:66 STACK:0 SHARED:0 LOCAL:0 CONSTANT[0]:456 TEXTURE:0 SURFACE:0 SAMPLER:0
 Function _ZN4gipc34calculate_body_mass_center_kernel3EiN8cudatool11BufferViewTILb0EN5Eigen6MatrixIdLi3ELi1ELi0ELi3ELi1EEEEENS1_ILb1ES4_EENS1_ILb1E7double3EENS1_ILb1EiEE:
  REG:18 STACK:0 SHARED:0 LOCAL:0 CONSTANT[0]:456 TEXTURE:0 SURFACE:0 SAMPLER:0
 Function _ZN4gipc34calculate_body_mass_center_kernel2EiN8cudatool11BufferViewTILb0EN5Eigen6MatrixIdLi3ELi1ELi0ELi3ELi1EEEEENS1_ILb1EdEE:
  REG:32 STACK:0 SHARED:0 LOCAL:0 CONSTANT[0]:408 TEXTURE:0 SURFACE:0 SAMPLER:0
 Function _ZN4gipc34calculate_body_mass_center_kernel1EiN8cudatool11BufferViewTILb1EdEENS1_ILb1E7double3EENS1_ILb1EiEENS1_ILb0EdEENS1_ILb0EN5Eigen6MatrixIdLi3ELi1ELi0ELi3ELi1EEEEE:
  REG:18 STACK:0 SHARED:0 LOCAL:0 CONSTANT[0]:480 TEXTURE:0 SURFACE:0 SAMPLER:0
 Function _ZN4gipc30setup_unique_point_mass_kernelEiN8cudatool11BufferViewTILb0EdEENS1_ILb1ENS_12TetLocalInfoEEENS1_ILb1EdEENS1_ILb1EiEEd:
  REG:18 STACK:0 SHARED:0 LOCAL:0 CONSTANT[0]:464 TEXTURE:0 SURFACE:0 SAMPLER:0
 Function __internal_trig_reduction_slowpathd:
  REG:44 STACK:0 SHARED:0 LOCAL:0 TEXTURE:0 SURFACE:0 SAMPLER:0
 Function __cuda_sm20_dsqrt_rn_f64_mediumpath_v1:
  REG:24 STACK:0 SHARED:0 LOCAL:0 TEXTURE:0 SURFACE:0 SAMPLER:0
 Function __cuda_sm20_div_rn_f64_full:
  REG:32 STACK:0 SHARED:0 LOCAL:0 TEXTURE:0 SURFACE:0 SAMPLER:0
 Function __cuda_sm70_shflsync_down_p:
  REG:24 STACK:0 SHARED:0 LOCAL:0 TEXTURE:0 SURFACE:0 SAMPLER:0
 Function _ZN3cub17CUB_300001_SM_8606detail6reduce28DeviceReduceSingleTileKernelINS2_10policy_hubIdjN4cuda3std3__44plusIvEEE10Policy1000EPdSC_iS9_ddNS7_10__identityEEEvT0_T1_T2_T3_T4_T6_:
  REG:50 STACK:0 SHARED:80 LOCAL:0 CONSTANT[0]:385 TEXTURE:0 SURFACE:0 SAMPLER:0
 Function _ZN3cub17CUB_300001_SM_8606detail6reduce18DeviceReduceKernelINS2_10policy_hubIdjN4cuda3std3__44plusIvEEE10Policy1000EPKdjS9_dNS7_10__identityEEEvT0_PT3_T1_NS0_13GridEvenShareISI_EET2_T4_:
  REG:45 STACK:0 SHARED:80 LOCAL:0 CONSTANT[0]:414 TEXTURE:0 SURFACE:0 SAMPLER:0
 Function _ZN3cub17CUB_300001_SM_8606detail6reduce28DeviceReduceSingleTileKernelINS2_10policy_hubIdjN4cuda3std3__44plusIvEEE10Policy1000EPKdPdjS9_ddNS7_10__identityEEEvT0_T1_T2_T3_T4_T6_:
  REG:44 STACK:0 SHARED:80 LOCAL:0 CONSTANT[0]:385 TEXTURE:0 SURFACE:0 SAMPLER:0
 Function _ZN4gipc27cal_abd_shape_energy_kernelEiN8cudatool11BufferViewTILb0EdEENS1_ILb0EN5Eigen6MatrixIdLi12ELi1ELi0ELi12ELi1EEEEEdS2_d:
  REG:30 STACK:0 SHARED:0 LOCAL:0 CONSTANT[0]:448 TEXTURE:0 SURFACE:0 SAMPLER:0
 Function _ZN4gipc29cal_abd_kinetic_energy_kernelEiN8cudatool11BufferViewTILb0EdEENS1_ILb0EN5Eigen6MatrixIdLi12ELi1ELi0ELi12ELi1EEEEES6_S6_NS1_ILb0ENS_19ABDJacobiDyadicMassEEENS1_ILb1E16BodyBoundaryTypeEEddd:
  REG:255 STACK:2872 SHARED:0 LOCAL:0 CONSTANT[2]:32 CONSTANT[0]:528 TEXTURE:0 SURFACE:0 SAMPLER:0
 Function _ZN4gipc18cal_q_tilde_kernelEiN8cudatool11BufferViewTILb1E16BodyBoundaryTypeEENS1_ILb0EN5Eigen6MatrixIdLi12ELi1ELi0ELi12ELi1EEEEES7_S7_S7_d:
  REG:24 STACK:0 SHARED:0 LOCAL:0 CONSTANT[0]:488 TEXTURE:0 SURFACE:0 SAMPLER:0
 Function _ZN4gipc29cal_dx_from_dq_Vector3_kernelEiN8cudatool11BufferViewTILb0EN5Eigen6MatrixIdLi3ELi1ELi0ELi3ELi1EEEEENS1_ILb0ENS3_IdLi12ELi1ELi0ELi12ELi1EEEEES7_NS1_ILb1EiEENS1_ILb0ENS_9ABDJacobiEEE:
  REG:40 STACK:0 SHARED:0 LOCAL:0 CONSTANT[0]:480 TEXTURE:0 SURFACE:0 SAMPLER:0
 Function _ZN4gipc27cal_x_from_q_Vector3_kernelEiN8cudatool11BufferViewTILb0EN5Eigen6MatrixIdLi3ELi1ELi0ELi3ELi1EEEEENS1_ILb1EiEENS1_ILb0ENS3_IdLi12ELi1ELi0ELi12ELi1EEEEENS1_ILb0ENS_9ABDJacobiEEE:
  REG:40 STACK:0 SHARED:0 LOCAL:0 CONSTANT[0]:456 TEXTURE:0 SURFACE:0 SAMPLER:0
 Function _ZN4gipc29cal_dx_from_dq_double3_kernelEiN8cudatool11BufferViewTILb0E7double3EENS1_ILb0EN5Eigen6MatrixIdLi12ELi1ELi0ELi12ELi1EEEEES7_NS1_ILb1EiEENS1_ILb0ENS_9ABDJacobiEEE:
  REG:40 STACK:0 SHARED:0 LOCAL:0 CONSTANT[0]:480 TEXTURE:0 SURFACE:0 SAMPLER:0
 Function _ZN4gipc27cal_x_from_q_double3_kernelEiN8cudatool11BufferViewTILb0E7double3EENS1_ILb1EiEENS1_ILb0EN5Eigen6MatrixIdLi12ELi1ELi0ELi12ELi1EEEEENS1_ILb0ENS_9ABDJacobiEEE:
  REG:40 STACK:0 SHARED:0 LOCAL:0 CONSTANT[0]:456 TEXTURE:0 SURFACE:0 SAMPLER:0
 Function __internal_trig_reduction_slowpathd:
  REG:44 STACK:0 SHARED:0 LOCAL:0 TEXTURE:0 SURFACE:0 SAMPLER:0
 Function __cuda_sm20_div_rn_f64_full:
  REG:32 STACK:0 SHARED:0 LOCAL:0 TEXTURE:0 SURFACE:0 SAMPLER:0
 Function __cuda_sm20_dblrcp_rn_slowpath_v3:
  REG:24 STACK:0 SHARED:0 LOCAL:0 TEXTURE:0 SURFACE:0 SAMPLER:0
 Function _ZN5Eigen8internal33selfadjoint_matrix_vector_productIdxLi0ELi1ELb0ELb0ELi0EE3runExPKdxS4_Pdd:
  REG:142 STACK:0 SHARED:0 LOCAL:0 TEXTURE:0 SURFACE:0 SAMPLER:0
 Function __cuda_sm20_dsqrt_rn_f64_mediumpath_v1:
  REG:24 STACK:0 SHARED:0 LOCAL:0 TEXTURE:0 SURFACE:0 SAMPLER:0
 Function _ZN4gipc79_GLOBAL__N__735d5c2d_40_setup_abd_system_gradient_and_hessian_cu_441fab72_3232437cal_abd_system_preconditioner_kernel2EiN8cudatool7Dense1DIN5Eigen6MatrixIdLi12ELi12ELi0ELi12ELi12EEEEE:
  REG:40 STACK:2304 SHARED:0 LOCAL:0 CONSTANT[0]:376 TEXTURE:0 SURFACE:0 SAMPLER:0
 Function _ZN4gipc79_GLOBAL__N__735d5c2d_40_setup_abd_system_gradient_and_hessian_cu_441fab72_3232437cal_abd_system_preconditioner_kernel1EiN8cudatool7Dense1DIN5Eigen6MatrixIdLi12ELi12ELi0ELi12ELi12EEEEEPKNS4_IdLi3ELi3ELi0ELi3ELi3EEEPKiSB_:
  REG:36 STACK:0 SHARED:0 LOCAL:0 CONSTANT[0]:400 TEXTURE:0 SURFACE:0 SAMPLER:0
 Function _ZN4gipc79_GLOBAL__N__735d5c2d_40_setup_abd_system_gradient_and_hessian_cu_441fab72_3232439setup_abd_system_hessian_abd_fem_kernelEiN8cudatool8CDense1DIiEES3_NS2_INS_9ABDJacobiEEEPN5Eigen6MatrixIdLi3ELi3ELi0ELi3ELi3EEEPiSA_PKS8_PKiSE_iNS2_I16BodyBoundaryTypeEEii:
  REG:86 STACK:0 SHARED:0 LOCAL:0 CONSTANT[0]:488 TEXTURE:0 SURFACE:0 SAMPLER:0
 Function _ZN4gipc79_GLOBAL__N__735d5c2d_40_setup_abd_system_gradient_and_hessian_cu_441fab72_3232446cal_abd_system_barrier_gradient_Vector3_kernelEiN8cudatool8CDense1DIiEENS2_IN5Eigen6MatrixIdLi3ELi1ELi0ELi3ELi1EEEEENS1_7Dense1DINS5_IdLi12ELi1ELi0ELi12ELi1EEEEENS1_17DenseVectorViewerIdEENS2_INS_9ABDJacobiEEENS2_I16BodyBoundaryTypeEE:
  REG:34 STACK:0 SHARED:0 LOCAL:0 CONSTANT[0]:456 TEXTURE:0 SURFACE:0 SAMPLER:0
 Function _ZN4gipc79_GLOBAL__N__735d5c2d_40_setup_abd_system_gradient_and_hessian_cu_441fab72_3232446cal_abd_system_barrier_gradient_double3_kernelEiN8cudatool8CDense1DIiEENS2_I7double3EENS1_7Dense1DIN5Eigen6MatrixIdLi12ELi1ELi0ELi12ELi1EEEEENS1_17DenseVectorViewerIdEENS2_I16BodyBoundaryTypeEENS2_INS_9ABDJacobiEEE:
  REG:34 STACK:0 SHARED:0 LOCAL:0 CONSTANT[0]:456 TEXTURE:0 SURFACE:0 SAMPLER:0
 Function _ZN4gipc79_GLOBAL__N__735d5c2d_40_setup_abd_system_gradient_and_hessian_cu_441fab72_3232440cal_abd_body_gradient_and_hessian_kernelEiN8cudatool8CDense1DI16BodyBoundaryTypeEENS2_IN5Eigen6MatrixIdLi12ELi1ELi0ELi12ELi1EEEEES8_S8_NS2_INS_19ABDJacobiDyadicMassEEENS2_IdEENS1_7Dense1DIS7_EENS1_17DenseVectorViewerIdEENSC_INS6_IdLi12ELi12ELi0ELi12ELi12EEEEEdddd:
  REG:255 STACK:4408 SHARED:0 LOCAL:0 CONSTANT[2]:32 CONSTANT[0]:536 TEXTURE:0 SURFACE:0 SAMPLER:0
 Function _ZN4gipc22write_abd_body_hessianEPN5Eigen6MatrixIdLi12ELi12ELi0ELi12ELi12EEEPNS1_IdLi3ELi3ELi0ELi3ELi3EEEPiS6_i:
  REG:34 STACK:0 SHARED:0 LOCAL:0 CONSTANT[0]:388 TEXTURE:0 SURFACE:0 SAMPLER:0
 Function _ZN4gipc21write_barrier_hessianEPN5Eigen6MatrixIdLi3ELi3ELi0ELi3ELi3EEEPiS4_PNS_9ABDJacobiEPKiPK16BodyBoundaryTypeiii:
  REG:72 STACK:0 SHARED:0 LOCAL:0 CONSTANT[0]:412 TEXTURE:0 SURFACE:0 SAMPLER:0
 Function _ZN4gipc28step_forward_vertices_kernelEiN8cudatool11BufferViewTILb0E7double3EENS1_ILb1EiEENS1_ILb0ENS_9ABDJacobiEEENS1_ILb0EN5Eigen6MatrixIdLi12ELi1ELi0ELi12ELi1EEEEESA_SA_d:
  REG:40 STACK:0 SHARED:0 LOCAL:0 CONSTANT[0]:512 TEXTURE:0 SURFACE:0 SAMPLER:0
 Function _ZN4gipc21step_forward_q_kernelEiN8cudatool11BufferViewTILb1E16BodyBoundaryTypeEENS1_ILb0EN5Eigen6MatrixIdLi12ELi1ELi0ELi12ELi1EEEEES7_S7_d:
  REG:20 STACK:0 SHARED:0 LOCAL:0 CONSTANT[0]:464 TEXTURE:0 SURFACE:0 SAMPLER:0
 Function __cuda_sm20_dblrcp_rn_slowpath_v3:
  REG:24 STACK:0 SHARED:0 LOCAL:0 TEXTURE:0 SURFACE:0 SAMPLER:0
 Function _ZN4gipc22update_velocity_kernelEiN8cudatool11BufferViewTILb1E16BodyBoundaryTypeEENS1_ILb0EN5Eigen6MatrixIdLi12ELi1ELi0ELi12ELi1EEEEES7_S7_d:
  REG:26 STACK:0 SHARED:0 LOCAL:0 CONSTANT[0]:464 TEXTURE:0 SURFACE:0 SAMPLER:0
 Function __cuda_sm20_div_rn_f64_full:
  REG:32 STACK:0 SHARED:0 LOCAL:0 TEXTURE:0 SURFACE:0 SAMPLER:0
 Function __cuda_sm20_dsqrt_rn_f64_mediumpath_v1:
  REG:24 STACK:0 SHARED:0 LOCAL:0 TEXTURE:0 SURFACE:0 SAMPLER:0
 Function _Z18point_triangle_ccdRK7double3S1_S1_S1_S1_S1_S1_S1_dd:
  REG:178 STACK:0 SHARED:0 LOCAL:0 TEXTURE:0 SURFACE:0 SAMPLER:0
 Function _Z13edge_edge_ccdRK7double3S1_S1_S1_S1_S1_S1_S1_dd:
  REG:128 STACK:0 SHARED:0 LOCAL:0 TEXTURE:0 SURFACE:0 SAMPLER:0
 Function _ZN46_GLOBAL__N__0e6765fd_8_mlbvh_cu_47291ab4_2424815cp_guard_leavesI5uint2EEvPK4NodePK4AABBPKT_SA_S7_jPS5_Pj:
  REG:30 STACK:0 SHARED:0 LOCAL:0 CONSTANT[0]:416 TEXTURE:0 SURFACE:0 SAMPLER:0
 Function _ZN46_GLOBAL__N__0e6765fd_8_mlbvh_cu_47291ab4_2424815cp_guard_leavesI5uint3EEvPK4NodePK4AABBPKT_SA_S7_jPS5_Pj:
  REG:30 STACK:0 SHARED:0 LOCAL:0 CONSTANT[0]:416 TEXTURE:0 SURFACE:0 SAMPLER:0
 Function _ZN46_GLOBAL__N__0e6765fd_8_mlbvh_cu_47291ab4_2424815cp_cache_leavesI5uint2EEvPK4NodePK4AABBPKT_jjPS5_Pj:
  REG:24 STACK:0 SHARED:0 LOCAL:0 CONSTANT[0]:400 TEXTURE:0 SURFACE:0 SAMPLER:0
 Function _ZN46_GLOBAL__N__0e6765fd_8_mlbvh_cu_47291ab4_2424815cp_cache_leavesI5uint3EEvPK4NodePK4AABBPKT_jjPS5_Pj:
  REG:24 STACK:0 SHARED:0 LOCAL:0 CONSTANT[0]:400 TEXTURE:0 SURFACE:0 SAMPLER:0
 Function __cuda_sm20_div_rn_f64_full:
  REG:32 STACK:0 SHARED:0 LOCAL:0 TEXTURE:0 SURFACE:0 SAMPLER:0
 Function __cuda_sm20_dsqrt_rn_f64_mediumpath_v1:
  REG:24 STACK:0 SHARED:0 LOCAL:0 TEXTURE:0 SURFACE:0 SAMPLER:0
 Function __cuda_sm70_votesync_ballot:
  REG:24 STACK:0 SHARED:0 LOCAL:0 TEXTURE:0 SURFACE:0 SAMPLER:0
 Function __cuda_sm70_warpsync:
  REG:24 STACK:0 SHARED:0 LOCAL:0 TEXTURE:0 SURFACE:0 SAMPLER:0
 Function __cuda_sm70_shflsync_idx_p:
  REG:24 STACK:0 SHARED:0 LOCAL:0 TEXTURE:0 SURFACE:0 SAMPLER:0
 Function __cuda_sm70_shflsync_up_p:
  REG:24 STACK:0 SHARED:0 LOCAL:0 TEXTURE:0 SURFACE:0 SAMPLER:0
 Function _ZN3cub17CUB_300001_SM_8606detail10radix_sort29DeviceRadixSortOnesweepKernelINS1_5radix10policy_hubIyjjE10Policy1000ELNS0_9SortOrderE0EyjjiiNS1_21identity_decomposer_tEEEvPT5_SB_PT3_PKSC_PT1_PKSG_PT2_PKSK_T4_iiT6_:
  REG:98 STACK:0 SHARED:31744 LOCAL:0 CONSTANT[0]:429 TEXTURE:0 SURFACE:0 SAMPLER:0
 Function _ZN3cub17CUB_300001_SM_8606detail10radix_sort33DeviceRadixSortExclusiveSumKernelINS1_5radix10policy_hubIyjjE10Policy1000EjEEvPT0_:
  REG:27 STACK:0 SHARED:1184 LOCAL:0 CONSTANT[0]:360 TEXTURE:0 SURFACE:0 SAMPLER:0
 Function _ZN3cub17CUB_300001_SM_8606detail10radix_sort30DeviceRadixSortHistogramKernelINS1_5radix10policy_hubIyjjE10Policy1000ELNS0_9SortOrderE0EyjNS1_21identity_decomposer_tEEEvPT2_PKT1_SA_iiT3_:
  REG:64 STACK:0 SHARED:8192 LOCAL:0 CONSTANT[0]:381 TEXTURE:0 SURFACE:0 SAMPLER:0
 Function _ZN3cub17CUB_300001_SM_8606detail10radix_sort31DeviceRadixSortSingleTileKernelINS1_5radix10policy_hubIyjjE10Policy1000ELNS0_9SortOrderE0EyjjNS1_21identity_decomposer_tEEEvPKT1_PSA_PKT2_PSE_T3_iiT4_:
  REG:96 STACK:0 SHARED:33856 LOCAL:0 CONSTANT[0]:397 TEXTURE:0 SURFACE:0 SAMPLER:0
 Function __cuda_sm70_shflsync_down:
  REG:24 STACK:0 SHARED:0 LOCAL:0 TEXTURE:0 SURFACE:0 SAMPLER:0
 Function _ZN3cub17CUB_300001_SM_8606detail6reduce28DeviceReduceSingleTileKernelINS2_10policy_hubI4AABBj9MergeAABBE10Policy1000EPS5_S9_iS6_S5_S5_N4cuda3std3__410__identityEEEvT0_T1_T2_T3_T4_T6_:
  REG:86 STACK:0 SHARED:440 LOCAL:0 CONSTANT[0]:425 TEXTURE:0 SURFACE:0 SAMPLER:0
 Function _ZN3cub17CUB_300001_SM_8606detail6reduce18DeviceReduceKernelINS2_10policy_hubI4AABBj9MergeAABBE10Policy1000EPKS5_jS6_S5_N4cuda3std3__410__identityEEEvT0_PT3_T1_NS0_13GridEvenShareISI_EET2_T4_:
  REG:72 STACK:0 SHARED:440 LOCAL:0 CONSTANT[0]:414 TEXTURE:0 SURFACE:0 SAMPLER:0
 Function _ZN3cub17CUB_300001_SM_8606detail6reduce28DeviceReduceSingleTileKernelINS2_10policy_hubI4AABBj9MergeAABBE10Policy1000EPKS5_PS5_jS6_S5_S5_N4cuda3std3__410__identityEEEvT0_T1_T2_T3_T4_T6_:
  REG:72 STACK:0 SHARED:440 LOCAL:0 CONSTANT[0]:425 TEXTURE:0 SURFACE:0 SAMPLER:0
 Function _Z16_calcLeafBvs_ccdI5uint2EvPK7double3S3_dPKT_P4AABBii:
  REG:37 STACK:0 SHARED:0 LOCAL:0 CONSTANT[2]:16 CONSTANT[0]:400 TEXTURE:0 SURFACE:0 SAMPLER:0
 Function _Z16_calcLeafBvs_ccdI5uint3EvPK7double3S3_dPKT_P4AABBii:
  REG:40 STACK:0 SHARED:0 LOCAL:0 CONSTANT[2]:16 CONSTANT[0]:400 TEXTURE:0 SURFACE:0 SAMPLER:0
 Function _Z12_calcLeafBvsI5uint2EvPK7double3PKT_P4AABBii:
  REG:26 STACK:0 SHARED:0 LOCAL:0 CONSTANT[2]:16 CONSTANT[0]:384 TEXTURE:0 SURFACE:0 SAMPLER:0
 Function _Z12_calcLeafBvsI5uint3EvPK7double3PKT_P4AABBii:
  REG:30 STACK:0 SHARED:0 LOCAL:0 CONSTANT[2]:16 CONSTANT[0]:384 TEXTURE:0 SURFACE:0 SAMPLER:0
 Function _ZN46_GLOBAL__N__0e6765fd_8_mlbvh_cu_47291ab4_2424811cp_classifyEPKN4gipc22IpcContactPoolIdentityEjPK7double3S6_PK5uint3PK5uint2PK4AABBSF_djP4int4SH_PjPij:
  REG:120 STACK:344 SHARED:0 LOCAL:0 CONSTANT[2]:64 CONSTANT[0]:468 TEXTURE:0 SURFACE:0 SAMPLER:0
 Function _ZN46_GLOBAL__N__0e6765fd_8_mlbvh_cu_47291ab4_2424816cp_guard_surfaceEPKjS1_jjPj:
  REG:8 STACK:0 SHARED:0 LOCAL:0 CONSTANT[0]:384 TEXTURE:0 SURFACE:0 SAMPLER:0
 Function _ZN46_GLOBAL__N__0e6765fd_8_mlbvh_cu_47291ab4_2424817cp_guard_verticesEPK7double3S2_S2_S2_S2_PKiS4_S4_S4_PK4AABBjPj:
  REG:22 STACK:0 SHARED:0 LOCAL:0 CONSTANT[0]:448 TEXTURE:0 SURFACE:0 SAMPLER:0
 Function _ZN46_GLOBAL__N__0e6765fd_8_mlbvh_cu_47291ab4_2424819cp_check_identitiesEPKN4gipc22IpcContactPoolIdentityEjjjjjPj:
  REG:24 STACK:0 SHARED:0 LOCAL:0 CONSTANT[0]:392 TEXTURE:0 SURFACE:0 SAMPLER:0
 Function _ZN46_GLOBAL__N__0e6765fd_8_mlbvh_cu_47291ab4_2424815cp_cache_pointsEPK7double3S2_jdP4AABBPj:
  REG:30 STACK:0 SHARED:0 LOCAL:0 CONSTANT[0]:400 TEXTURE:0 SURFACE:0 SAMPLER:0
 Function _Z22_selfQuery_ee_ccd_poolPKiS0_PK7double3S3_dPK5uint2PK4AABBPK4NodeP4int4PjdjiPN4gipc22IpcContactPoolIdentityEj:
  REG:40 STACK:264 SHARED:0 LOCAL:0 CONSTANT[0]:460 TEXTURE:0 SURFACE:0 SAMPLER:0
 Function _Z22_selfQuery_vf_ccd_poolPKiS0_PK7double3S3_dPK5uint3PKjPK4AABBPK4NodeP4int4PjdjiPN4gipc22IpcContactPoolIdentityEj:
  REG:40 STACK:264 SHARED:0 LOCAL:0 CONSTANT[0]:468 TEXTURE:0 SURFACE:0 SAMPLER:0
 Function _Z17_selfQuery_ee_ccdPKiS0_PK7double3S3_dPK5uint2PK4AABBPK4NodeP4int4Pjdji:
  REG:40 STACK:264 SHARED:0 LOCAL:0 CONSTANT[0]:448 TEXTURE:0 SURFACE:0 SAMPLER:0
 Function _Z13_selfQuery_eePKiS0_PK7double3S3_PK5uint2PK4AABBPK4NodeP4int4SE_PjPidji:
  REG:138 STACK:360 SHARED:0 LOCAL:0 CONSTANT[2]:112 CONSTANT[0]:456 TEXTURE:0 SURFACE:0 SAMPLER:0
 Function _ZN4AABB8combinesERKdS1_S1_:
  REG:52 STACK:0 SHARED:0 LOCAL:0 TEXTURE:0 SURFACE:0 SAMPLER:0
 Function _Z17_selfQuery_vf_ccdPKiS0_PK7double3S3_dPK5uint3PKjPK4AABBPK4NodeP4int4Pjdji:
  REG:40 STACK:264 SHARED:0 LOCAL:0 CONSTANT[0]:456 TEXTURE:0 SURFACE:0 SAMPLER:0
 Function _Z13_selfQuery_vfPKiS0_PK7double3PK5uint3PKjPK4AABBPK4NodeP4int4SG_PjPidji:
  REG:162 STACK:704 SHARED:0 LOCAL:0 CONSTANT[0]:456 TEXTURE:0 SURFACE:0 SAMPLER:0
 Function _Z8_sortBvsPKjP4AABBS2_i:
  REG:22 STACK:0 SHARED:0 LOCAL:0 CONSTANT[0]:380 TEXTURE:0 SURFACE:0 SAMPLER:0
 Function _Z17_calcInternalAABBPK4NodeP4AABBPji:
  REG:36 STACK:0 SHARED:0 LOCAL:0 CONSTANT[0]:380 TEXTURE:0 SURFACE:0 SAMPLER:0
 Function _Z18_calcInternalNodesP4NodePKyi:
  REG:17 STACK:0 SHARED:0 LOCAL:0 CONSTANT[0]:372 TEXTURE:0 SURFACE:0 SAMPLER:0
 Function _Z14_calcLeafNodesP4NodePKji:
  REG:14 STACK:0 SHARED:0 LOCAL:0 CONSTANT[0]:372 TEXTURE:0 SURFACE:0 SAMPLER:0
 Function _Z11_calcMChashPyP4AABBi:
  REG:42 STACK:0 SHARED:0 LOCAL:0 CONSTANT[0]:372 TEXTURE:0 SURFACE:0 SAMPLER:0
 Function _Z23fill_bvh_indices_kernelPji:
  REG:8 STACK:0 SHARED:0 LOCAL:0 CONSTANT[0]:364 TEXTURE:0 SURFACE:0 SAMPLER:0
 Function _Z12_compute_epxRK7double3S1_S1_S1_:
  REG:38 STACK:0 SHARED:0 LOCAL:0 TEXTURE:0 SURFACE:0 SAMPLER:0
 Function _Z5_d_EERK7double3S1_S1_S1_Rd:
  REG:44 STACK:0 SHARED:0 LOCAL:0 TEXTURE:0 SURFACE:0 SAMPLER:0
 Function _Z5_d_PERK7double3S1_S1_Rd:
  REG:44 STACK:0 SHARED:0 LOCAL:0 TEXTURE:0 SURFACE:0 SAMPLER:0
 Function _Z5_d_PTRK7double3S1_S1_S1_Rd:
  REG:44 STACK:0 SHARED:0 LOCAL:0 TEXTURE:0 SURFACE:0 SAMPLER:0
 Function _Z5_d_PPRK7double3S1_Rd:
  REG:38 STACK:0 SHARED:0 LOCAL:0 TEXTURE:0 SURFACE:0 SAMPLER:0
 Function _ZN4AABBC1Ev:
  REG:24 STACK:0 SHARED:0 LOCAL:0 TEXTURE:0 SURFACE:0 SAMPLER:0
 Function __internal_accurate_pow:
  REG:44 STACK:0 SHARED:0 LOCAL:0 TEXTURE:0 SURFACE:0 SAMPLER:0
 Function __internal_trig_reduction_slowpathd:
  REG:44 STACK:0 SHARED:0 LOCAL:0 TEXTURE:0 SURFACE:0 SAMPLER:0
 Function __cuda_sm20_div_rn_f64_full:
  REG:32 STACK:0 SHARED:0 LOCAL:0 TEXTURE:0 SURFACE:0 SAMPLER:0
 Function __cuda_sm20_dsqrt_rn_f64_mediumpath_v1:
  REG:24 STACK:0 SHARED:0 LOCAL:0 TEXTURE:0 SURFACE:0 SAMPLER:0
 Function __cuda_sm20_dblrcp_rn_slowpath_v3:
  REG:24 STACK:0 SHARED:0 LOCAL:0 TEXTURE:0 SURFACE:0 SAMPLER:0
 Function __cuda_sm70_votesync_all:
  REG:24 STACK:0 SHARED:0 LOCAL:0 TEXTURE:0 SURFACE:0 SAMPLER:0
 Function __cuda_sm70_votesync_any:
  REG:24 STACK:0 SHARED:0 LOCAL:0 TEXTURE:0 SURFACE:0 SAMPLER:0
 Function _ZN3cub17CUB_300001_SM_8606detail4scan16DeviceScanKernelINS2_10policy_hubIjjjjN4cuda3std3__44plusIvEEE10Policy1000EPKjPjNS0_13ScanTileStateIjLb1EEES9_NS1_10InputValueIjSE_EEjjLb0EjEEvT0_T1_T2_iT3_T4_T5_:
  REG:104 STACK:0 SHARED:7696 LOCAL:0 CONSTANT[0]:404 TEXTURE:0 SURFACE:0 SAMPLER:0
 Function _ZN3cub17CUB_300001_SM_8606detail4scan20DeviceScanInitKernelINS0_13ScanTileStateIjLb1EEEEEvT_i:
  REG:10 STACK:0 SHARED:0 LOCAL:0 CONSTANT[0]:364 TEXTURE:0 SURFACE:0 SAMPLER:0
 Function _ZN3cub17CUB_300001_SM_8606detail6reduce18DeviceReduceKernelINS2_10policy_hubIdjN4cuda3std3__44plusIvEEE10Policy1000EPdjS9_dNS7_10__identityEEEvT0_PT3_T1_NS0_13GridEvenShareISH_EET2_T4_:
  REG:45 STACK:0 SHARED:80 LOCAL:0 CONSTANT[0]:414 TEXTURE:0 SURFACE:0 SAMPLER:0
 Function _ZN3cub17CUB_300001_SM_8606detail6reduce28DeviceReduceSingleTileKernelINS2_10policy_hubIdjN4cuda3std3__44plusIvEEE10Policy1000EPdSC_jS9_ddNS7_10__identityEEEvT0_T1_T2_T3_T4_T6_:
  REG:44 STACK:0 SHARED:80 LOCAL:0 CONSTANT[0]:385 TEXTURE:0 SURFACE:0 SAMPLER:0
 Function _ZN3cub17CUB_300001_SM_8606detail6reduce28DeviceReduceSingleTileKernelINS2_10policy_hubI7double2jN43_GLOBAL__N__22798373_7_GIPC_cu_30686647_41610MaxDouble2EE10Policy1000EPS5_SA_iS7_S5_S5_N4cuda3std3__410__identityEEEvT0_T1_T2_T3_T4_T6_:
  REG:84 STACK:0 SHARED:160 LOCAL:0 CONSTANT[0]:401 TEXTURE:0 SURFACE:0 SAMPLER:0
 Function _ZN3cub17CUB_300001_SM_8606detail6reduce18DeviceReduceKernelINS2_10policy_hubI7double2jN43_GLOBAL__N__22798373_7_GIPC_cu_30686647_41610MaxDouble2EE10Policy1000EPKS5_jS7_S5_N4cuda3std3__410__identityEEEvT0_PT3_T1_NS0_13GridEvenShareISJ_EET2_T4_:
  REG:80 STACK:0 SHARED:160 LOCAL:0 CONSTANT[0]:414 TEXTURE:0 SURFACE:0 SAMPLER:0
 Function _ZN3cub17CUB_300001_SM_8606detail6reduce28DeviceReduceSingleTileKernelINS2_10policy_hubI7double2jN43_GLOBAL__N__22798373_7_GIPC_cu_30686647_41610MaxDouble2EE10Policy1000EPKS5_PS5_jS7_S5_S5_N4cuda3std3__410__identityEEEvT0_T1_T2_T3_T4_T6_:
  REG:78 STACK:0 SHARED:160 LOCAL:0 CONSTANT[0]:401 TEXTURE:0 SURFACE:0 SAMPLER:0
 Function _ZN3cub17CUB_300001_SM_8606detail6reduce28DeviceReduceSingleTileKernelINS2_10policy_hubIdjN4cuda3__47maximumIvEEE10Policy1000EPdSB_iS8_ddNS5_3std3__410__identityEEEvT0_T1_T2_T3_T4_T6_:
  REG:48 STACK:0 SHARED:80 LOCAL:0 CONSTANT[0]:385 TEXTURE:0 SURFACE:0 SAMPLER:0
 Function _ZN3cub17CUB_300001_SM_8606detail6reduce18DeviceReduceKernelINS2_10policy_hubIdjN4cuda3__47maximumIvEEE10Policy1000EPKdjS8_dNS5_3std3__410__identityEEEvT0_PT3_T1_NS0_13GridEvenShareISJ_EET2_T4_:
  REG:44 STACK:0 SHARED:80 LOCAL:0 CONSTANT[0]:414 TEXTURE:0 SURFACE:0 SAMPLER:0
 Function _ZN3cub17CUB_300001_SM_8606detail6reduce28DeviceReduceSingleTileKernelINS2_10policy_hubIdjN4cuda3__47maximumIvEEE10Policy1000EPKdPdjS8_ddNS5_3std3__410__identityEEEvT0_T1_T2_T3_T4_T6_:
  REG:44 STACK:0 SHARED:80 LOCAL:0 CONSTANT[0]:385 TEXTURE:0 SURFACE:0 SAMPLER:0
 Function _ZN3cub17CUB_300001_SM_8606detail6reduce28DeviceReduceSingleTileKernelINS2_10policy_hubI7double2jN43_GLOBAL__N__22798373_7_GIPC_cu_30686647_41614IpcResidualMaxEE10Policy1000EPS5_SA_iS7_S5_S5_N4cuda3std3__410__identityEEEvT0_T1_T2_T3_T4_T6_:
  REG:84 STACK:0 SHARED:160 LOCAL:0 CONSTANT[0]:401 TEXTURE:0 SURFACE:0 SAMPLER:0
 Function _ZN3cub17CUB_300001_SM_8606detail6reduce18DeviceReduceKernelINS2_10policy_hubI7double2jN43_GLOBAL__N__22798373_7_GIPC_cu_30686647_41614IpcResidualMaxEE10Policy1000EPS5_jS7_S5_N4cuda3std3__410__identityEEEvT0_PT3_T1_NS0_13GridEvenShareISI_EET2_T4_:
  REG:80 STACK:0 SHARED:160 LOCAL:0 CONSTANT[0]:414 TEXTURE:0 SURFACE:0 SAMPLER:0
 Function _ZN3cub17CUB_300001_SM_8606detail6reduce28DeviceReduceSingleTileKernelINS2_10policy_hubI7double2jN43_GLOBAL__N__22798373_7_GIPC_cu_30686647_41614IpcResidualMaxEE10Policy1000EPS5_SA_jS7_S5_S5_N4cuda3std3__410__identityEEEvT0_T1_T2_T3_T4_T6_:
  REG:78 STACK:0 SHARED:160 LOCAL:0 CONSTANT[0]:401 TEXTURE:0 SURFACE:0 SAMPLER:0
 Function _Z32_edgeTriIntersectionQueryOrderedILb1ELb0ELb0EEvPKiPK7double3PK5uint2PK5uint3PK4AABBPK4NodePidiSG_SH_:
  REG:58 STACK:800 SHARED:0 LOCAL:0 CONSTANT[2]:8 CONSTANT[0]:440 TEXTURE:0 SURFACE:0 SAMPLER:0
 Function _Z32_edgeTriIntersectionQueryOrderedILb0ELb0ELb1EEvPKiPK7double3PK5uint2PK5uint3PK4AABBPK4NodePidiSG_SH_:
  REG:54 STACK:528 SHARED:0 LOCAL:0 CONSTANT[2]:8 CONSTANT[0]:440 TEXTURE:0 SURFACE:0 SAMPLER:0
 Function _Z32_edgeTriIntersectionQueryOrderedILb1ELb0ELb1EEvPKiPK7double3PK5uint2PK5uint3PK4AABBPK4NodePidiSG_SH_:
  REG:54 STACK:528 SHARED:0 LOCAL:0 CONSTANT[2]:8 CONSTANT[0]:440 TEXTURE:0 SURFACE:0 SAMPLER:0
 Function _Z32_edgeTriIntersectionQueryOrderedILb0ELb1ELb0EEvPKiPK7double3PK5uint2PK5uint3PK4AABBPK4NodePidiSG_SH_:
  REG:64 STACK:800 SHARED:0 LOCAL:0 CONSTANT[2]:8 CONSTANT[0]:440 TEXTURE:0 SURFACE:0 SAMPLER:0
 Function _Z32_edgeTriIntersectionQueryOrderedILb1ELb1ELb0EEvPKiPK7double3PK5uint2PK5uint3PK4AABBPK4NodePidiSG_SH_:
  REG:64 STACK:800 SHARED:0 LOCAL:0 CONSTANT[2]:8 CONSTANT[0]:440 TEXTURE:0 SURFACE:0 SAMPLER:0
 Function _Z32_edgeTriIntersectionQueryOrderedILb0ELb1ELb1EEvPKiPK7double3PK5uint2PK5uint3PK4AABBPK4NodePidiSG_SH_:
  REG:54 STACK:528 SHARED:0 LOCAL:0 CONSTANT[2]:8 CONSTANT[0]:440 TEXTURE:0 SURFACE:0 SAMPLER:0
 Function _Z32_edgeTriIntersectionQueryOrderedILb1ELb1ELb1EEvPKiPK7double3PK5uint2PK5uint3PK4AABBPK4NodePidiSG_SH_:
  REG:54 STACK:528 SHARED:0 LOCAL:0 CONSTANT[2]:8 CONSTANT[0]:440 TEXTURE:0 SURFACE:0 SAMPLER:0
 Function _ZN43_GLOBAL__N__22798373_7_GIPC_cu_30686647_41623edge_fixture_predicatesEPK7double3PK5uint3PK5uint2PKiPi:
  REG:54 STACK:552 SHARED:0 LOCAL:0 CONSTANT[2]:8 CONSTANT[0]:392 TEXTURE:0 SURFACE:0 SAMPLER:0
 Function _ZN43_GLOBAL__N__22798373_7_GIPC_cu_30686647_41621ipc_residual_partialsEPKdiPK7double3S4_PKiiiP7double2:
  REG:30 STACK:0 SHARED:160 LOCAL:0 CONSTANT[0]:408 TEXTURE:0 SURFACE:0 SAMPLER:0
 Function _Z30setup_fem_mass_triplets_kerneliPdPiS0_PN5Eigen6MatrixIdLi3ELi3ELi0ELi3ELi3EEEiii:
  REG:16 STACK:0 SHARED:0 LOCAL:0 CONSTANT[0]:404 TEXTURE:0 SURFACE:0 SAMPLER:0
 Function _Z32zero_fem_boundary_hessian_kerneliPiS_PN5Eigen6MatrixIdLi3ELi3ELi0ELi3ELi3EEES_i:
  REG:12 STACK:0 SHARED:0 LOCAL:0 CONSTANT[0]:396 TEXTURE:0 SURFACE:0 SAMPLER:0
 Function _Z37adjust_fem_fem_contact_indices_kerneliPiS_PN5Eigen6MatrixIdLi3ELi3ELi0ELi3ELi3EEES_i:
  REG:16 STACK:0 SHARED:0 LOCAL:0 CONSTANT[0]:396 TEXTURE:0 SURFACE:0 SAMPLER:0
 Function _Z15_cub_reduct_dotPK7double3S1_Pdi:
  REG:38 STACK:0 SHARED:80 LOCAL:0 CONSTANT[0]:380 TEXTURE:0 SURFACE:0 SAMPLER:0
 Function _Z24_cub_reduct_squared_normPK7double3Pdi:
  REG:32 STACK:0 SHARED:80 LOCAL:0 CONSTANT[0]:372 TEXTURE:0 SURFACE:0 SAMPLER:0
 Function _Z15_cub_reduct_cflPK7double3PdPKji:
  REG:37 STACK:0 SHARED:80 LOCAL:0 CONSTANT[0]:380 TEXTURE:0 SURFACE:0 SAMPLER:0
 Function _Z21_cub_reduct_self_stepPK7double3PK4int4S1_Pddi:
  REG:178 STACK:1144 SHARED:80 LOCAL:0 CONSTANT[0]:396 CONSTANT[2]:104 TEXTURE:0 SURFACE:0 SAMPLER:0
 Function _Z26_cub_reduct_injective_stepPK7double3PK5uint4S1_Pdddi:
  REG:126 STACK:0 SHARED:80 LOCAL:0 CONSTANT[0]:404 TEXTURE:0 SURFACE:0 SAMPLER:0
 Function _Z23_cub_reduct_ground_stepPK7double3PKjPKdS1_S1_Pddi:
  REG:38 STACK:0 SHARED:80 LOCAL:0 CONSTANT[0]:412 TEXTURE:0 SURFACE:0 SAMPLER:0
 Function _Z21_cub_reduct_MSelfDistPK7double3PK4int4P7double2i:
  REG:44 STACK:128 SHARED:160 LOCAL:0 CONSTANT[0]:380 TEXTURE:0 SURFACE:0 SAMPLER:0
 Function _Z23_cub_reduct_MGroundDistPK7double3PKdS1_PKjP7double2i:
  REG:38 STACK:0 SHARED:160 LOCAL:0 CONSTANT[0]:396 TEXTURE:0 SURFACE:0 SAMPLER:0
 Function _Z33_cub_reduct_max_double3_to_doublePK7double3Pdi:
  REG:24 STACK:0 SHARED:80 LOCAL:0 CONSTANT[0]:372 TEXTURE:0 SURFACE:0 SAMPLER:0
 Function _Z28_calFrictionLastH_DistAndTanPK7double3PK4int4PdP7double2PN10__GEIGEN__10Matrix3x2dEPS2_ddPji:
  REG:72 STACK:264 SHARED:0 LOCAL:0 CONSTANT[2]:88 CONSTANT[0]:428 TEXTURE:0 SURFACE:0 SAMPLER:0
 Function _Z20_calFrictionLastH_gdPK7double3PKdS1_PKjPdPjddi:
  REG:38 STACK:24 SHARED:0 LOCAL:0 CONSTANT[2]:80 CONSTANT[0]:420 TEXTURE:0 SURFACE:0 SAMPLER:0
 Function _Z25_edgeTriIntersectionQueryPKiPK7double3PK5uint2PK5uint3PK4AABBPK4NodePidi:
  REG:58 STACK:800 SHARED:0 LOCAL:0 CONSTANT[2]:8 CONSTANT[0]:420 TEXTURE:0 SURFACE:0 SAMPLER:0
 Function _Z16_updateSurfVertsPjS_ii:
  REG:8 STACK:0 SHARED:0 LOCAL:0 CONSTANT[0]:376 TEXTURE:0 SURFACE:0 SAMPLER:0
 Function _Z24_updateTriEdges_adjVertsPjP5uint2S1_ii:
  REG:18 STACK:0 SHARED:0 LOCAL:0 CONSTANT[0]:384 TEXTURE:0 SURFACE:0 SAMPLER:0
 Function _Z12_updateEdgesPjP5uint2ii:
  REG:10 STACK:0 SHARED:0 LOCAL:0 CONSTANT[0]:376 TEXTURE:0 SURFACE:0 SAMPLER:0
 Function _Z19_updateNeighborListPjS_S_S_S_PKjS1_i:
  REG:23 STACK:0 SHARED:0 LOCAL:0 CONSTANT[0]:412 TEXTURE:0 SURFACE:0 SAMPLER:0
 Function _Z18_updateNeighborNumPjS_PKji:
  REG:10 STACK:0 SHARED:0 LOCAL:0 CONSTANT[0]:380 TEXTURE:0 SURFACE:0 SAMPLER:0
 Function _Z15_updateSurfacesPjP5uint3ii:
  REG:14 STACK:0 SHARED:0 LOCAL:0 CONSTANT[0]:376 TEXTURE:0 SURFACE:0 SAMPLER:0
 Function _Z14_computeXTiltaPiP7double3S1_S1_S_ddi:
  REG:34 STACK:24 SHARED:0 LOCAL:0 CONSTANT[0]:412 TEXTURE:0 SURFACE:0 SAMPLER:0
 Function _Z22_updateBoundaryMoveDirP7double3PiS0_dddii:
  REG:62 STACK:360 SHARED:0 LOCAL:0 CONSTANT[2]:56 CONSTANT[0]:408 TEXTURE:0 SURFACE:0 SAMPLER:0
 Function _Z16_updateBoundary2PiPN10__GEIGEN__10Matrix3x3dEi:
  REG:46 STACK:104 SHARED:0 LOCAL:0 CONSTANT[0]:372 TEXTURE:0 SURFACE:0 SAMPLER:0
 Function _Z15_updateBoundaryP7double3PiS0_di:
  REG:24 STACK:0 SHARED:0 LOCAL:0 CONSTANT[0]:388 TEXTURE:0 SURFACE:0 SAMPLER:0
 Function _Z17_updateVelocitiesP7double3S0_S0_Pidi:
  REG:27 STACK:24 SHARED:0 LOCAL:0 CONSTANT[0]:396 TEXTURE:0 SURFACE:0 SAMPLER:0
 Function _Z12_stepForwardP7double3S0_S0_Pidbi:
  REG:27 STACK:0 SHARED:0 LOCAL:0 CONSTANT[0]:400 TEXTURE:0 SURFACE:0 SAMPLER:0
 Function _Z25_getDeltaEnergy_ReductionPdPK7double3S2_i:
  REG:38 STACK:0 SHARED:80 LOCAL:0 CONSTANT[0]:380 TEXTURE:0 SURFACE:0 SAMPLER:0
 Function _Z30_getBarrierEnergy_Reduction_3DPdPK7double3S2_P4int4ddi:
  REG:50 STACK:152 SHARED:80 LOCAL:0 CONSTANT[2]:280 CONSTANT[0]:404 TEXTURE:0 SURFACE:0 SAMPLER:0
 Function _Z36_getRestStableNHKEnergy_Reduction_3DPdPKdidd:
  REG:32 STACK:0 SHARED:80 LOCAL:0 CONSTANT[2]:8 CONSTANT[0]:392 TEXTURE:0 SURFACE:0 SAMPLER:0
 Function _Z35_get_triangleFEMEnergy_Reduction_3DPdPK7double3PK5uint3PKN10__GEIGEN__10Matrix2x2dEPKdiddd:
  REG:75 STACK:304 SHARED:80 LOCAL:0 CONSTANT[0]:424 CONSTANT[2]:176 TEXTURE:0 SURFACE:0 SAMPLER:0
 Function _Z38_computeSoftConstraintEnergy_ReductionPdPK7double3S2_PKjddi:
  REG:32 STACK:24 SHARED:80 LOCAL:0 CONSTANT[0]:404 TEXTURE:0 SURFACE:0 SAMPLER:0
 Function _Z26_getFEMEnergy_Reduction_3DPdPK7double3PK5uint4PKN10__GEIGEN__10Matrix3x3dEPKdiS_S_:
  REG:68 STACK:216 SHARED:80 LOCAL:0 CONSTANT[0]:416 TEXTURE:0 SURFACE:0 SAMPLER:0
 Function _Z27_getBendingEnergy_ReductionPdPK7double3S2_PK5uint2S5_id:
  REG:116 STACK:64 SHARED:80 LOCAL:0 CONSTANT[0]:408 CONSTANT[2]:160 TEXTURE:0 SURFACE:0 SAMPLER:0
 Function _Z31_getQuadBendingEnergy_ReductionPdPK7double3S2_PK5uint2S5_PKN5Eigen6MatrixIdLi4ELi4ELi0ELi4ELi4EEEid:
  REG:66 STACK:168 SHARED:80 LOCAL:0 CONSTANT[0]:416 TEXTURE:0 SURFACE:0 SAMPLER:0
 Function _Z30_getKineticEnergy_Reduction_3DP7double3S0_PdS1_i:
  REG:32 STACK:0 SHARED:80 LOCAL:0 CONSTANT[0]:388 TEXTURE:0 SURFACE:0 SAMPLER:0
 Function _Z28_reduct_double3Dot_to_doublePK7double3S1_Pdi:
  REG:38 STACK:0 SHARED:0 LOCAL:0 CONSTANT[0]:380 TEXTURE:0 SURFACE:0 SAMPLER:0
 Function _Z28_reduct_double3Sqn_to_doublePK7double3Pdi:
  REG:28 STACK:0 SHARED:0 LOCAL:0 CONSTANT[0]:372 TEXTURE:0 SURFACE:0 SAMPLER:0
 Function _Z25_reduct_max_cfl_to_doublePK7double3PdPji:
  REG:37 STACK:0 SHARED:0 LOCAL:0 CONSTANT[0]:380 TEXTURE:0 SURFACE:0 SAMPLER:0
 Function _Z34_reduct_min_selfTimeStep_to_doublePK7double3PK4int4S1_Pddi:
  REG:178 STACK:1144 SHARED:0 LOCAL:0 CONSTANT[0]:396 CONSTANT[2]:104 TEXTURE:0 SURFACE:0 SAMPLER:0
 Function _Z39_reduct_min_InjectiveTimeStep_to_doublePK7double3PK5uint4S1_Pdddi:
  REG:124 STACK:0 SHARED:0 LOCAL:0 CONSTANT[0]:404 TEXTURE:0 SURFACE:0 SAMPLER:0
 Function _Z36_reduct_min_groundTimeStep_to_doublePK7double3PKjPKdS1_S1_Pddi:
  REG:38 STACK:24 SHARED:0 LOCAL:0 CONSTANT[0]:412 TEXTURE:0 SURFACE:0 SAMPLER:0
 Function _Z30_computeGroundEnergy_ReductionPdPK7double3PKdS2_PKjddi:
  REG:38 STACK:24 SHARED:80 LOCAL:0 CONSTANT[2]:80 CONSTANT[0]:412 TEXTURE:0 SURFACE:0 SAMPLER:0
 Function _Z34_getFrictionEnergy_gd_Reduction_3DPdPK7double3S2_S2_PKjidPKdd:
  REG:38 STACK:48 SHARED:80 LOCAL:0 CONSTANT[0]:424 TEXTURE:0 SURFACE:0 SAMPLER:0
 Function _Z31_getFrictionEnergy_Reduction_3DPdPK7double3S2_PK4int4idPK7double2PKN10__GEIGEN__10Matrix3x2dEPKddd:
  REG:73 STACK:144 SHARED:80 LOCAL:0 CONSTANT[0]:440 TEXTURE:0 SURFACE:0 SAMPLER:0
 Function _Z24_checkGroundIntersectionPK7double3PKdS1_PKjPii:
  REG:38 STACK:24 SHARED:0 LOCAL:0 CONSTANT[0]:396 TEXTURE:0 SURFACE:0 SAMPLER:0
 Function _Z20_computeSelfCloseValPK7double3PKdS1_PKjdPjPdS6_i:
  REG:38 STACK:24 SHARED:0 LOCAL:0 CONSTANT[0]:420 TEXTURE:0 SURFACE:0 SAMPLER:0
 Function _Z19_reduct_MGroundDistPK7double3PKdS1_PjP7double2i:
  REG:38 STACK:24 SHARED:0 LOCAL:0 CONSTANT[0]:396 TEXTURE:0 SURFACE:0 SAMPLER:0
 Function _Z20_checkGroundCloseValPK7double3PKdS1_PiPjPdi:
  REG:38 STACK:24 SHARED:0 LOCAL:0 CONSTANT[0]:404 TEXTURE:0 SURFACE:0 SAMPLER:0
 Function _Z22_computeGroundCloseValPK7double3PKdS1_PKjdPjPdS6_i:
  REG:38 STACK:24 SHARED:0 LOCAL:0 CONSTANT[0]:420 TEXTURE:0 SURFACE:0 SAMPLER:0
 Function _Z22_computeGroundGradientPK7double3PKdS1_PKjPS_Pjddi:
  REG:38 STACK:24 SHARED:0 LOCAL:0 CONSTANT[2]:80 CONSTANT[0]:420 TEXTURE:0 SURFACE:0 SAMPLER:0
 Function _Z32_computeGroundGradientAndHessianPK7double3PKdS1_PKjPS_PjPN5Eigen6MatrixIdLi3ELi3ELi0ELi3ELi3EEEPiSC_ddii:
  REG:60 STACK:200 SHARED:0 LOCAL:0 CONSTANT[2]:80 CONSTANT[0]:448 TEXTURE:0 SURFACE:0 SAMPLER:0
 Function _Z14_getTotalForcePK7double3PS_i:
  REG:16 STACK:0 SHARED:0 LOCAL:0 CONSTANT[0]:372 TEXTURE:0 SURFACE:0 SAMPLER:0
 Function _Z22_GroundCollisionDetectPK7double3PKjPKdS1_PjS6_di:
  REG:38 STACK:0 SHARED:0 LOCAL:0 CONSTANT[0]:412 TEXTURE:0 SURFACE:0 SAMPLER:0
 Function _Z30_computeSoftConstraintGradientPK7double3S1_PKjPS_ddi:
  REG:26 STACK:0 SHARED:0 LOCAL:0 CONSTANT[0]:404 TEXTURE:0 SURFACE:0 SAMPLER:0
 Function _Z40_computeSoftConstraintGradientAndHessianPK7double3S1_PKjPS_PjPN5Eigen6MatrixIdLi3ELi3ELi0ELi3ELi3EEEPiSA_ddiii:
  REG:26 STACK:0 SHARED:0 LOCAL:0 CONSTANT[0]:444 TEXTURE:0 SURFACE:0 SAMPLER:0
 Function _Z17_calKineticEnergyP7double3S0_S0_Pdi:
  REG:24 STACK:0 SHARED:0 LOCAL:0 CONSTANT[0]:388 TEXTURE:0 SURFACE:0 SAMPLER:0
 Function _Z19_calKineticGradientP7double3S0_S0_Pdi:
  REG:24 STACK:0 SHARED:0 LOCAL:0 CONSTANT[0]:388 TEXTURE:0 SURFACE:0 SAMPLER:0
 Function _Z19_calBarrierGradientPK7double3S1_PK4int4PS_ddi:
  REG:138 STACK:6928 SHARED:0 LOCAL:0 CONSTANT[2]:280 CONSTANT[0]:404 TEXTURE:0 SURFACE:0 SAMPLER:0
 Function _Z20_calFrictionGradientPK7double3S1_PK4int4PS_idP7double2PN10__GEIGEN__10Matrix3x2dEdPdd:
  REG:81 STACK:528 SHARED:0 LOCAL:0 CONSTANT[0]:440 TEXTURE:0 SURFACE:0 SAMPLER:0
 Function _Z23_calFrictionGradient_gdPK7double3S1_S1_PKjPS_iddPdd:
  REG:38 STACK:72 SHARED:0 LOCAL:0 CONSTANT[0]:432 TEXTURE:0 SURFACE:0 SAMPLER:0
 Function _Z17_reduct_MSelfDistPK7double3P4int4P7double2i:
  REG:44 STACK:128 SHARED:0 LOCAL:0 CONSTANT[0]:380 TEXTURE:0 SURFACE:0 SAMPLER:0
 Function _Z18_checkSelfCloseValPK7double3PiP4int4Pdi:
  REG:44 STACK:128 SHARED:0 LOCAL:0 CONSTANT[0]:388 TEXTURE:0 SURFACE:0 SAMPLER:0
 Function _Z16_calSelfCloseValPK7double3PK4int4PS2_PdPjdi:
  REG:44 STACK:128 SHARED:0 LOCAL:0 CONSTANT[0]:404 TEXTURE:0 SURFACE:0 SAMPLER:0
 Function _Z29_calBarrierGradientAndHessianPK7double3S1_PK4int4PS_PN5Eigen6MatrixIdLi3ELi3ELi0ELi3ELi3EEEPiSA_PjSA_ddiiii:
  REG:254 STACK:23784 SHARED:0 LOCAL:0 CONSTANT[2]:280 CONSTANT[0]:456 TEXTURE:0 SURFACE:0 SAMPLER:0
 Function _Z18_calBarrierHessianPK7double3S1_PK4int4PN5Eigen6MatrixIdLi3ELi3ELi0ELi3ELi3EEEPiS9_PjS9_ddiiii:
  REG:254 STACK:22776 SHARED:0 LOCAL:0 CONSTANT[2]:280 CONSTANT[0]:448 TEXTURE:0 SURFACE:0 SAMPLER:0
 Function _Z19_calFrictionHessianPK7double3S1_PK4int4PN5Eigen6MatrixIdLi3ELi3ELi0ELi3ELi3EEEPiS9_PjidP7double2PN10__GEIGEN__10Matrix3x2dEdPddiiiiii:
  REG:254 STACK:7216 SHARED:0 LOCAL:0 CONSTANT[0]:488 TEXTURE:0 SURFACE:0 SAMPLER:0
 Function _Z22_calFrictionHessian_gdPK7double3S1_S1_PKjPN5Eigen6MatrixIdLi3ELi3ELi0ELi3ELi3EEEPiS8_iddPdid:
  REG:70 STACK:512 SHARED:0 LOCAL:0 CONSTANT[0]:456 TEXTURE:0 SURFACE:0 SAMPLER:0
 Function _Z15_calcVertMChashPyPK7double3PK4AABBi:
  REG:42 STACK:0 SHARED:0 LOCAL:0 CONSTANT[0]:380 TEXTURE:0 SURFACE:0 SAMPLER:0
 Function _Z18_updateTetrahedrasP5uint4S0_PdPKdPN10__GEIGEN__10Matrix3x3dEPKS5_PKjSA_i:
  REG:28 STACK:0 SHARED:0 LOCAL:0 CONSTANT[0]:420 TEXTURE:0 SURFACE:0 SAMPLER:0
 Function _Z15_updateVertexesP7double3PKS_PdPKdPN10__GEIGEN__10Matrix3x3dEPiPKS7_PKiPKjPji:
  REG:30 STACK:0 SHARED:0 LOCAL:0 CONSTANT[0]:436 TEXTURE:0 SURFACE:0 SAMPLER:0
 Function _Z15_updateTopologyP5uint4P5uint3PKjii:
  REG:15 STACK:0 SHARED:0 LOCAL:0 CONSTANT[0]:384 TEXTURE:0 SURFACE:0 SAMPLER:0
 Function _Z14_calcTetMChashPyPK7double3P5uint4PK4AABBPKji:
  REG:44 STACK:24 SHARED:0 LOCAL:0 CONSTANT[0]:396 TEXTURE:0 SURFACE:0 SAMPLER:0
 Function _Z17_reorder_tripletsPiS_PN5Eigen6MatrixIdLi3ELi3ELi0ELi3ELi3EEES_S_S3_PKji:
  REG:24 STACK:0 SHARED:0 LOCAL:0 CONSTANT[0]:412 TEXTURE:0 SURFACE:0 SAMPLER:0
 Function _Z29_partition_collision_tripletsPKyPiS1_S1_S1_i:
  REG:10 STACK:0 SHARED:0 LOCAL:0 CONSTANT[0]:396 TEXTURE:0 SURFACE:0 SAMPLER:0
 Function __internal_accurate_pow:
  REG:44 STACK:0 SHARED:0 LOCAL:0 TEXTURE:0 SURFACE:0 SAMPLER:0
 Function __internal_trig_reduction_slowpathd:
  REG:44 STACK:0 SHARED:0 LOCAL:0 TEXTURE:0 SURFACE:0 SAMPLER:0
 Function __cuda_sm20_dblrcp_rn_slowpath_v3:
  REG:24 STACK:0 SHARED:0 LOCAL:0 TEXTURE:0 SURFACE:0 SAMPLER:0
 Function __cuda_sm20_div_rn_f64_full:
  REG:32 STACK:0 SHARED:0 LOCAL:0 TEXTURE:0 SURFACE:0 SAMPLER:0
 Function __cuda_sm20_dsqrt_rn_f64_mediumpath_v1:
  REG:24 STACK:0 SHARED:0 LOCAL:0 TEXTURE:0 SURFACE:0 SAMPLER:0
 Function _Z40_calculate_quad_bending_gradient_hessianPK7double3S1_PK5uint2S4_PKN5Eigen6MatrixIdLi4ELi4ELi0ELi4ELi4EEEPS_idiPNS6_IdLi3ELi3ELi0ELi3ELi3EEEPiSD_di:
  REG:72 STACK:24 SHARED:0 LOCAL:0 CONSTANT[0]:460 TEXTURE:0 SURFACE:0 SAMPLER:0
 Function _Z35_calculate_bending_gradient_hessianPK7double3S1_PK5uint2S4_PS_idiPN5Eigen6MatrixIdLi3ELi3ELi0ELi3ELi3EEEPiSA_di:
  REG:255 STACK:7232 SHARED:0 LOCAL:0 CONSTANT[2]:160 CONSTANT[0]:452 TEXTURE:0 SURFACE:0 SAMPLER:0
 Function _Z23_calculate_fem_gradientPN10__GEIGEN__10Matrix3x3dEPK7double3PK5uint4PKdPS2_iPdSB_d:
  REG:254 STACK:4360 SHARED:0 LOCAL:0 CONSTANT[0]:424 TEXTURE:0 SURFACE:0 SAMPLER:0
 Function _Z32_calculate_triangle_fem_gradientPN10__GEIGEN__10Matrix2x2dEPK7double3PK5uint3PKdPS2_idddd:
  REG:230 STACK:2736 SHARED:0 LOCAL:0 CONSTANT[0]:432 TEXTURE:0 SURFACE:0 SAMPLER:0
 Function _Z40_calculate_triangle_fem_gradient_hessianPN10__GEIGEN__10Matrix2x2dEPK7double3PK5uint3PKdPS2_idddiPN5Eigen6MatrixIdLi3ELi3ELi0ELi3ELi3EEEPiSF_di:
  REG:254 STACK:7736 SHARED:0 LOCAL:0 CONSTANT[0]:468 TEXTURE:0 SURFACE:0 SAMPLER:0
 Function _Z36_calculate_triangle_fem_deformationFPN10__GEIGEN__10Matrix2x2dEPK7double3PK5uint3iPN5Eigen6MatrixIdLi3ELi2ELi0ELi3ELi2EEE:
  REG:62 STACK:488 SHARED:0 LOCAL:0 CONSTANT[0]:392 TEXTURE:0 SURFACE:0 SAMPLER:0
 Function _Z56_calculate_triangle_fem_strain_limiting_gradient_hessianPN10__GEIGEN__10Matrix2x2dEPK7double3PK5uint3PNS_10Matrix9x9dEjPKdPS2_iPN5Eigen6MatrixIdLi3ELi3ELi0ELi3ELi3EEEPNSE_IdLi2ELi2ELi0ELi2ELi2EEEPNSE_IdLi2ELi1ELi0ELi2ELi1EEEd:
  REG:254 STACK:5192 SHARED:0 LOCAL:0 CONSTANT[2]:136 CONSTANT[0]:448 TEXTURE:0 SURFACE:0 SAMPLER:0
 Function _Z31_calculate_fem_gradient_hessianPN10__GEIGEN__10Matrix3x3dEPK7double3PK5uint4PKdPS2_iS9_S9_iPN5Eigen6MatrixIdLi3ELi3ELi0ELi3ELi3EEEPiSF_di:
  REG:254 STACK:5384 SHARED:0 LOCAL:0 CONSTANT[2]:216 CONSTANT[0]:460 TEXTURE:0 SURFACE:0 SAMPLER:0
 Function _Z20__cal_bending_energyPK7double3S1_RK5uint2S4_dd:
  REG:116 STACK:0 SHARED:0 LOCAL:0 TEXTURE:0 SURFACE:0 SAMPLER:0
 Function _Z25__cal_quad_bending_energyPK7double3S1_RK5uint2S4_RKN5Eigen6MatrixIdLi4ELi4ELi0ELi4ELi4EEEd:
  REG:66 STACK:0 SHARED:0 LOCAL:0 TEXTURE:0 SURFACE:0 SAMPLER:0
 Function _Z27__cal_StabbleNHK_energy1_3DPK7double3RK5uint4RKN10__GEIGEN__10Matrix3x3dERKdSA_SA_:
  REG:68 STACK:0 SHARED:0 LOCAL:0 TEXTURE:0 SURFACE:0 SAMPLER:0
 Function _Z32__cal_BaraffWitkinStretch_energyPK7double3RK5uint3RKN10__GEIGEN__10Matrix2x2dERKdSA_SA_d:
  REG:75 STACK:0 SHARED:0 LOCAL:0 TEXTURE:0 SURFACE:0 SAMPLER:0
 Function _Z15_set_hash_valuePKiS0_PjPyii:
  REG:12 STACK:0 SHARED:0 LOCAL:0 CONSTANT[0]:392 TEXTURE:0 SURFACE:0 SAMPLER:0
 Function _ZN3cub17CUB_300001_SM_8606detail6select23DeviceSelectSweepKernelINS2_10policy_hubIjjiLb0ELNS0_10SelectImplE0EE10Policy1000EPKjS9_PjPiNS0_13ScanTileStateIiLb1EEENS0_8NullTypeESE_iNS2_19streaming_context_tIxLb1EEELS5_0EEEvT0_T1_T2_T3_T4_T5_T6_T7_iT8_NS1_7vsmem_tE:
  REG:90 STACK:0 SHARED:5120 LOCAL:0 CONSTANT[0]:456 TEXTURE:0 SURFACE:0 SAMPLER:0
 Function _ZN3cub17CUB_300001_SM_8606detail4scan23DeviceCompactInitKernelINS0_13ScanTileStateIiLb1EEEPiEEvT_iT0_:
  REG:12 STACK:0 SHARED:0 LOCAL:0 CONSTANT[0]:376 TEXTURE:0 SURFACE:0 SAMPLER:0
 Function _ZN58_GLOBAL__N__ca32f697_19_i_preconditioner_cu_441fab72_2777639calculate_subsystem_bcoo_indices_kernelEiPiS0_yyPjS1_:
  REG:12 STACK:0 SHARED:0 LOCAL:0 CONSTANT[0]:408 TEXTURE:0 SURFACE:0 SAMPLER:0
 Function _ZN60_GLOBAL__N__7ef4492b_21_abd_preconditioner_cu_441fab72_3541631abd_preconditioner_apply_kernelEiN8cudatool18CDenseVectorViewerIdEENS0_17DenseVectorViewerIdEENS0_7Dense1DIN5Eigen6MatrixIdLi12ELi12ELi0ELi12ELi12EEEEE:
  REG:66 STACK:0 SHARED:0 LOCAL:0 CONSTANT[0]:408 TEXTURE:0 SURFACE:0 SAMPLER:0
 Function __nv_static_50__7e07e5ec_22_diag_preconditioner_cu_441fab72_13104__ZN4gipc7details24diag_fused_update_kernelEiPKN5Eigen6MatrixIdLi3ELi3ELi0ELi3ELi3EEEPdS6_PKdS8_S8_S6_:
  REG:38 STACK:0 SHARED:0 LOCAL:0 CONSTANT[0]:416 TEXTURE:0 SURFACE:0 SAMPLER:0
 Function __cuda_sm20_div_rn_f64_full:
  REG:32 STACK:0 SHARED:0 LOCAL:0 TEXTURE:0 SURFACE:0 SAMPLER:0
 Function _ZN8cudatool7details18buffer_fill_kernelIN5Eigen6MatrixIdLi3ELi3ELi0ELi3ELi3EEEEEvPT_yS5_:
  REG:24 STACK:0 SHARED:0 LOCAL:0 CONSTANT[0]:440 TEXTURE:0 SURFACE:0 SAMPLER:0
 Function _ZN61_GLOBAL__N__7e07e5ec_22_diag_preconditioner_cu_441fab72_1310417apply_diag_kernelEiN8cudatool18CDenseVectorViewerIdEENS0_17DenseVectorViewerIdEENS0_7Dense1DIN5Eigen6MatrixIdLi3ELi3ELi0ELi3ELi3EEEEE:
  REG:38 STACK:0 SHARED:0 LOCAL:0 CONSTANT[0]:408 TEXTURE:0 SURFACE:0 SAMPLER:0
 Function _ZN61_GLOBAL__N__7e07e5ec_22_diag_preconditioner_cu_441fab72_1310420diag_assemble_kernelEiN8cudatool7Dense1DIN5Eigen6MatrixIdLi3ELi3ELi0ELi3ELi3EEEEEPS4_PiS7_:
  REG:58 STACK:0 SHARED:0 LOCAL:0 CONSTANT[0]:400 TEXTURE:0 SURFACE:0 SAMPLER:0
 Function __cuda_sm20_div_rn_f64_full:
  REG:32 STACK:0 SHARED:0 LOCAL:0 TEXTURE:0 SURFACE:0 SAMPLER:0
 Function _ZN52_GLOBAL__N__2427f79e_13_pcg_solver_cu_4ad048b2_3376418chunk_fixture_markEPKdPj:
  REG:8 STACK:0 SHARED:0 LOCAL:0 CONSTANT[0]:368 TEXTURE:0 SURFACE:0 SAMPLER:0
 Function _ZN52_GLOBAL__N__2427f79e_13_pcg_solver_cu_4ad048b2_3376420chunk_fixture_freezeEPKdS1_S1_S1_PdPji:
  REG:14 STACK:0 SHARED:0 LOCAL:0 CONSTANT[0]:404 TEXTURE:0 SURFACE:0 SAMPLER:0
 Function _ZN52_GLOBAL__N__2427f79e_13_pcg_solver_cu_4ad048b2_3376418chunk_fixture_workEPdS0_PKjidi:
  REG:14 STACK:0 SHARED:0 LOCAL:0 CONSTANT[0]:396 TEXTURE:0 SURFACE:0 SAMPLER:0
 Function _ZN52_GLOBAL__N__2427f79e_13_pcg_solver_cu_4ad048b2_3376418chunk_fixture_feedEPdPKdS2_Pjiib:
  REG:13 STACK:0 SHARED:0 LOCAL:0 CONSTANT[0]:393 TEXTURE:0 SURFACE:0 SAMPLER:0
 Function _ZN52_GLOBAL__N__2427f79e_13_pcg_solver_cu_4ad048b2_3376414chunk_continueEPKdy:
  REG:24 STACK:0 SHARED:0 LOCAL:0 CONSTANT[0]:368 TEXTURE:0 SURFACE:0 SAMPLER:0
 Function _ZN52_GLOBAL__N__2427f79e_13_pcg_solver_cu_4ad048b2_3376414chunk_finalizeEPdidi:
  REG:12 STACK:0 SHARED:0 LOCAL:0 CONSTANT[0]:380 TEXTURE:0 SURFACE:0 SAMPLER:0
 Function _ZN52_GLOBAL__N__2427f79e_13_pcg_solver_cu_4ad048b2_3376414chunk_p_updateEPdPKdS2_i:
  REG:12 STACK:0 SHARED:0 LOCAL:0 CONSTANT[0]:380 TEXTURE:0 SURFACE:0 SAMPLER:0
 Function _ZN52_GLOBAL__N__2427f79e_13_pcg_solver_cu_4ad048b2_3376416chunk_zero_checkEPKdiPd:
  REG:10 STACK:0 SHARED:0 LOCAL:0 CONSTANT[0]:376 TEXTURE:0 SURFACE:0 SAMPLER:0
 Function _ZN52_GLOBAL__N__2427f79e_13_pcg_solver_cu_4ad048b2_3376410chunk_betaEPddi:
  REG:32 STACK:0 SHARED:0 LOCAL:0 CONSTANT[0]:372 TEXTURE:0 SURFACE:0 SAMPLER:0
 Function _ZN52_GLOBAL__N__2427f79e_13_pcg_solver_cu_4ad048b2_3376410chunk_dx_rEPdS0_PKdS2_S2_i:
  REG:20 STACK:0 SHARED:0 LOCAL:0 CONSTANT[0]:396 TEXTURE:0 SURFACE:0 SAMPLER:0
 Function _ZN52_GLOBAL__N__2427f79e_13_pcg_solver_cu_4ad048b2_3376411chunk_alphaEPd:
  REG:32 STACK:0 SHARED:0 LOCAL:0 CONSTANT[0]:360 TEXTURE:0 SURFACE:0 SAMPLER:0
 Function _ZN52_GLOBAL__N__2427f79e_13_pcg_solver_cu_4ad048b2_3376410chunk_initEPd:
  REG:8 STACK:0 SHARED:0 LOCAL:0 CONSTANT[0]:360 TEXTURE:0 SURFACE:0 SAMPLER:0
 Function _ZN52_GLOBAL__N__2427f79e_13_pcg_solver_cu_4ad048b2_3376416graph_p_continueEPdPKdS0_iidiy:
  REG:24 STACK:0 SHARED:0 LOCAL:0 CONSTANT[2]:8 CONSTANT[0]:408 TEXTURE:0 SURFACE:0 SAMPLER:0
 Function _ZN52_GLOBAL__N__2427f79e_13_pcg_solver_cu_4ad048b2_3376410graph_betaEPddi:
  REG:32 STACK:0 SHARED:0 LOCAL:0 CONSTANT[0]:372 TEXTURE:0 SURFACE:0 SAMPLER:0
 Function _ZN52_GLOBAL__N__2427f79e_13_pcg_solver_cu_4ad048b2_3376410graph_dx_rEPdS0_PKdS2_S2_i:
  REG:20 STACK:0 SHARED:0 LOCAL:0 CONSTANT[0]:396 TEXTURE:0 SURFACE:0 SAMPLER:0
 Function _ZN52_GLOBAL__N__2427f79e_13_pcg_solver_cu_4ad048b2_3376411graph_alphaEPd:
  REG:32 STACK:0 SHARED:0 LOCAL:0 CONSTANT[0]:360 TEXTURE:0 SURFACE:0 SAMPLER:0
 Function _ZN52_GLOBAL__N__2427f79e_13_pcg_solver_cu_4ad048b2_3376420graph_check_zero_rhoEPKdiPd:
  REG:10 STACK:0 SHARED:0 LOCAL:0 CONSTANT[0]:376 TEXTURE:0 SURFACE:0 SAMPLER:0
 Function _ZN52_GLOBAL__N__2427f79e_13_pcg_solver_cu_4ad048b2_3376410graph_initEPd:
  REG:10 STACK:0 SHARED:0 LOCAL:0 CONSTANT[0]:360 TEXTURE:0 SURFACE:0 SAMPLER:0
 Function _Z14audit_residualPdPKdS1_i:
  REG:12 STACK:0 SHARED:0 LOCAL:0 CONSTANT[0]:380 TEXTURE:0 SURFACE:0 SAMPLER:0
 Function _Z15update_vector_cPdPKddi:
  REG:10 STACK:0 SHARED:0 LOCAL:0 CONSTANT[0]:380 TEXTURE:0 SURFACE:0 SAMPLER:0
 Function _Z18update_vector_dx_rPdS_PKdS1_di:
  REG:16 STACK:0 SHARED:0 LOCAL:0 CONSTANT[0]:396 TEXTURE:0 SURFACE:0 SAMPLER:0
 Function _Z17PCG_vdv_ReductionPdPKdS1_i:
  REG:24 STACK:0 SHARED:80 LOCAL:0 CONSTANT[0]:380 TEXTURE:0 SURFACE:0 SAMPLER:0
 Function _ZN62_GLOBAL__N__8f0a8050_23_abd_linear_subsystem_cu_9aa88b77_3225228abd_retrieve_solution_kernelEiN8cudatool18CDenseVectorViewerIdEENS0_7Dense1DIN5Eigen6MatrixIdLi12ELi1ELi0ELi12ELi1EEEEEd:
  REG:20 STACK:0 SHARED:0 LOCAL:0 CONSTANT[0]:400 TEXTURE:0 SURFACE:0 SAMPLER:0
 Function _ZN62_GLOBAL__N__8f0a8050_23_abd_linear_subsystem_cu_9aa88b77_3225228abd_assemble_gradient_kernelEiN8cudatool17DenseVectorViewerIdEENS0_18CDenseVectorViewerIdEE:
  REG:8 STACK:0 SHARED:0 LOCAL:0 CONSTANT[0]:392 TEXTURE:0 SURFACE:0 SAMPLER:0
 Function _ZN62_GLOBAL__N__2642ac56_23_fem_linear_subsystem_cu_9aa88b77_2021628fem_retrieve_solution_kernelEiN8cudatool18CDenseVectorViewerIdEENS0_7Dense1DI7double3EEd:
  REG:14 STACK:0 SHARED:0 LOCAL:0 CONSTANT[0]:400 TEXTURE:0 SURFACE:0 SAMPLER:0
 Function _ZN62_GLOBAL__N__2642ac56_23_fem_linear_subsystem_cu_9aa88b77_2021619fem_assemble_kernelEiN8cudatool7Dense1DI7double3EES3_NS0_8CDense1DIiEENS0_17DenseVectorViewerIdEE:
  REG:18 STACK:0 SHARED:0 LOCAL:0 CONSTANT[0]:424 TEXTURE:0 SURFACE:0 SAMPLER:0
 Function _ZN3cub17CUB_300001_SM_8606detail4scan23DeviceCompactInitKernelINS0_24ReduceByKeyScanTileStateIjiLb1EEEPiEEvT_iT0_:
  REG:14 STACK:0 SHARED:0 LOCAL:0 CONSTANT[0]:376 TEXTURE:0 SURFACE:0 SAMPLER:0
 Function __cuda_sm70_shflsync_up:
  REG:24 STACK:0 SHARED:0 LOCAL:0 TEXTURE:0 SURFACE:0 SAMPLER:0
 Function _ZN3cub17CUB_300001_SM_8606detail6reduce23DeviceReduceByKeyKernelINS1_3rle6encode10policy_hubIjyE10Policy1000EPKyPyN6thrust23THRUST_300001_SM_860_NS17constant_iteratorIjiNSD_11use_defaultEEEPjPiNS0_24ReduceByKeyScanTileStateIjiLb1EEEN4cuda3std3__48equal_toIvEENSN_4plusIvEEijEEvT0_T1_T2_T3_T4_T5_iT6_T7_T8_:
  REG:88 STACK:0 SHARED:12304 LOCAL:0 CONSTANT[0]:412 TEXTURE:0 SURFACE:0 SAMPLER:0
 Function _ZN8cudatool8parallel51_GLOBAL__N__851f897b_12_converter_cu_9aa88b77_1509632fast_segmental_reduce_ptr_kernelIdLi3ELi3ELi128ELi32ENS_4PlusIdEEEEviPjPN5Eigen6MatrixIT_XT0_EXT1_EXorLNS6_14StorageOptionsE0EquaaeqT0_Li1EneT1_Li1ELS9_1EquaaeqT1_Li1EneT0_Li1ELS9_0ELS9_0EEXT0_EXT1_EEESB_T4_:
  REG:40 STACK:0 SHARED:0 LOCAL:0 CONSTANT[0]:385 TEXTURE:0 SURFACE:0 SAMPLER:0
 Function _ZN51_GLOBAL__N__851f897b_12_converter_cu_9aa88b77_1509622finalize_ge2sym_kernelEiPN5Eigen6MatrixIdLi3ELi3ELi0ELi3ELi3EEES3_PyPiS5_PjS6_S5_i:
  REG:28 STACK:0 SHARED:0 LOCAL:0 CONSTANT[0]:428 TEXTURE:0 SURFACE:0 SAMPLER:0
 Function _ZN51_GLOBAL__N__851f897b_12_converter_cu_9aa88b77_1509619setup_ge2sym_kernelEiPiS0_PyPN5Eigen6MatrixIdLi3ELi3ELi0ELi3ELi3EEES5_Pj:
  REG:22 STACK:0 SHARED:0 LOCAL:0 CONSTANT[0]:408 TEXTURE:0 SURFACE:0 SAMPLER:0
 Function _ZN51_GLOBAL__N__851f897b_12_converter_cu_9aa88b77_1509633set_row_col_from_partition_kernelEiPiS0_PyPj:
  REG:11 STACK:0 SHARED:0 LOCAL:0 CONSTANT[0]:392 TEXTURE:0 SURFACE:0 SAMPLER:0
 Function _ZN51_GLOBAL__N__851f897b_12_converter_cu_9aa88b77_1509631compute_sorted_partition_kernelEiPjPy:
  REG:12 STACK:0 SHARED:0 LOCAL:0 CONSTANT[0]:376 TEXTURE:0 SURFACE:0 SAMPLER:0
 Function _ZN51_GLOBAL__N__851f897b_12_converter_cu_9aa88b77_1509634set_row_col_from_unique_key_kernelEiPiS0_Py:
  REG:14 STACK:0 SHARED:0 LOCAL:0 CONSTANT[0]:384 TEXTURE:0 SURFACE:0 SAMPLER:0
 Function _ZN51_GLOBAL__N__851f897b_12_converter_cu_9aa88b77_1509618set_dst_val_kernelEiPjPN5Eigen6MatrixIdLi3ELi3ELi0ELi3ELi3EEES4_:
  REG:20 STACK:0 SHARED:0 LOCAL:0 CONSTANT[0]:384 TEXTURE:0 SURFACE:0 SAMPLER:0
 Function _ZN51_GLOBAL__N__851f897b_12_converter_cu_9aa88b77_1509629compute_hash_and_index_kernelEiPiS0_PyPj:
  REG:16 STACK:0 SHARED:0 LOCAL:0 CONSTANT[0]:392 TEXTURE:0 SURFACE:0 SAMPLER:0
 Function _ZN4gipc44_GLOBAL__N__eff920bd_7_spmv_cu_3d58d07c_521227warp_reduce_sym_spmv_kernelEdPN5Eigen6MatrixIdLi3ELi3ELi0ELi3ELi3EEEPiS5_iN8cudatool18CDenseVectorViewerIdEEdNS6_17DenseVectorViewerIdEE:
  REG:40 STACK:0 SHARED:0 LOCAL:0 CONSTANT[0]:432 TEXTURE:0 SURFACE:0 SAMPLER:0
 Function _ZN4gipc44_GLOBAL__N__eff920bd_7_spmv_cu_3d58d07c_521218fill_y_zero_kernelEiPd:
  REG:6 STACK:0 SHARED:0 LOCAL:0 CONSTANT[0]:368 TEXTURE:0 SURFACE:0 SAMPLER:0
 Function _ZN4gipc44_GLOBAL__N__eff920bd_7_spmv_cu_3d58d07c_521214scale_y_kernelEidN8cudatool17DenseVectorViewerIdEE:
  REG:8 STACK:0 SHARED:0 LOCAL:0 CONSTANT[0]:384 TEXTURE:0 SURFACE:0 SAMPLER:0
 Function __cuda_sm20_dblrcp_rn_slowpath_v3:
  REG:24 STACK:0 SHARED:0 LOCAL:0 TEXTURE:0 SURFACE:0 SAMPLER:0
 Function __cuda_sm20_div_rn_f64_full:
  REG:32 STACK:0 SHARED:0 LOCAL:0 TEXTURE:0 SURFACE:0 SAMPLER:0
 Function __cuda_sm20_dsqrt_rn_f64_mediumpath_v1:
  REG:24 STACK:0 SHARED:0 LOCAL:0 TEXTURE:0 SURFACE:0 SAMPLER:0
 Function _ZN10__GEIGEN__18__v4_vec4_toMat4x4ENS_7Vector4ES0_:
  REG:78 STACK:0 SHARED:0 LOCAL:0 TEXTURE:0 SURFACE:0 SAMPLER:0
 Function _ZN10__GEIGEN__19__S_Mat4x4_multiplyERKNS_10Matrix4x4dERKd:
  REG:86 STACK:0 SHARED:0 LOCAL:0 TEXTURE:0 SURFACE:0 SAMPLER:0
 Function _ZN10__GEIGEN__18__M9x4_v4_multiplyERKNS_10Matrix9x4dERKNS_7Vector4E:
  REG:84 STACK:0 SHARED:0 LOCAL:0 TEXTURE:0 SURFACE:0 SAMPLER:0
 Function _ZN10__GEIGEN__17__s_vec4_multiplyENS_7Vector4Ed:
  REG:24 STACK:0 SHARED:0 LOCAL:0 TEXTURE:0 SURFACE:0 SAMPLER:0
 Function _ZN10__GEIGEN__34__M12x9_S9x9_MT9x12_Multiply_EigenERKN5Eigen6MatrixIdLi9ELi12ELi0ELi9ELi12EEERKNS1_IdLi9ELi9ELi0ELi9ELi9EEERNS1_IdLi12ELi12ELi0ELi12ELi12EEE:
  REG:108 STACK:0 SHARED:0 LOCAL:0 TEXTURE:0 SURFACE:0 SAMPLER:0
 Function _ZN10__GEIGEN__28__M12x9_S9x9_MT9x12_MultiplyERKNS_11Matrix12x9dERKNS_10Matrix9x9dERNS_12Matrix12x12dE:
  REG:108 STACK:0 SHARED:0 LOCAL:0 TEXTURE:0 SURFACE:0 SAMPLER:0
 Function _ZN10__GEIGEN__26__M9x4_S4x4_MT4x9_MultiplyERKNS_10Matrix9x4dERKNS_10Matrix4x4dERNS_10Matrix9x9dE:
  REG:78 STACK:0 SHARED:0 LOCAL:0 TEXTURE:0 SURFACE:0 SAMPLER:0
 Function _ZN10__GEIGEN__11__makePD2x2ERKdS1_S1_S1_PdRiP7double2d:
  REG:70 STACK:0 SHARED:0 LOCAL:0 TEXTURE:0 SURFACE:0 SAMPLER:0
 Function _ZN10__GEIGEN__23__Mat3x2_to_vec6_doubleERKNS_10Matrix3x2dE:
  REG:36 STACK:0 SHARED:0 LOCAL:0 TEXTURE:0 SURFACE:0 SAMPLER:0
 Function _ZN10__GEIGEN__24__normalized_vec6_doubleERNS_7Vector6E:
  REG:67 STACK:0 SHARED:0 LOCAL:0 TEXTURE:0 SURFACE:0 SAMPLER:0
 Function _ZN10__GEIGEN__24__normalized_vec9_doubleERNS_7Vector9E:
  REG:77 STACK:0 SHARED:0 LOCAL:0 TEXTURE:0 SURFACE:0 SAMPLER:0
 Function _ZN10__GEIGEN__29__Mat3x3_to_vec9_Eigen_doubleERKNS_10Matrix3x3dE:
  REG:52 STACK:0 SHARED:0 LOCAL:0 TEXTURE:0 SURFACE:0 SAMPLER:0
 Function _ZN10__GEIGEN__23__Mat3x3_to_vec9_doubleERKNS_10Matrix3x3dE:
  REG:52 STACK:0 SHARED:0 LOCAL:0 TEXTURE:0 SURFACE:0 SAMPLER:0
 Function _ZN10__GEIGEN__12__Inverse2x2ERKNS_10Matrix2x2dERS0_:
  REG:68 STACK:0 SHARED:0 LOCAL:0 TEXTURE:0 SURFACE:0 SAMPLER:0
 Function _ZN10__GEIGEN__12__DetermiantERKNS_10Matrix3x3dE:
  REG:54 STACK:0 SHARED:0 LOCAL:0 TEXTURE:0 SURFACE:0 SAMPLER:0
 Function _ZN10__GEIGEN__17__s_M6x6_MultiplyERKNS_10Matrix6x6dERKd:
  REG:166 STACK:0 SHARED:0 LOCAL:0 TEXTURE:0 SURFACE:0 SAMPLER:0
 Function _ZN10__GEIGEN__17__s_M9x9_MultiplyERKNS_10Matrix9x9dERKd:
  REG:254 STACK:0 SHARED:0 LOCAL:0 TEXTURE:0 SURFACE:0 SAMPLER:0
 Function _ZN10__GEIGEN__19__s_M12x12_MultiplyERKNS_12Matrix12x12dERKd:
  REG:254 STACK:0 SHARED:0 LOCAL:0 TEXTURE:0 SURFACE:0 SAMPLER:0
 Function _ZN10__GEIGEN__20__M9x6_M6x9_MultiplyERKNS_10Matrix9x6dERKNS_10Matrix6x9dE:
  REG:254 STACK:0 SHARED:0 LOCAL:0 TEXTURE:0 SURFACE:0 SAMPLER:0
 Function _ZN10__GEIGEN__21__M6x2_M6x2T_MultiplyERKNS_10Matrix6x2dES2_:
  REG:198 STACK:0 SHARED:0 LOCAL:0 TEXTURE:0 SURFACE:0 SAMPLER:0
 Function _ZN10__GEIGEN__21__M9x2_M9x2T_MultiplyERKNS_10Matrix9x2dES2_:
  REG:254 STACK:0 SHARED:0 LOCAL:0 TEXTURE:0 SURFACE:0 SAMPLER:0
 Function _ZN10__GEIGEN__23__M12x2_M12x2T_MultiplyERKNS_11Matrix12x2dES2_:
  REG:254 STACK:0 SHARED:0 LOCAL:0 TEXTURE:0 SURFACE:0 SAMPLER:0
 Function _ZN10__GEIGEN__20__M6x2_M2x2_MultiplyERKNS_10Matrix6x2dERKNS_10Matrix2x2dE:
  REG:84 STACK:0 SHARED:0 LOCAL:0 TEXTURE:0 SURFACE:0 SAMPLER:0
 Function _ZN10__GEIGEN__20__M9x2_M2x2_MultiplyERKNS_10Matrix9x2dERKNS_10Matrix2x2dE:
  REG:132 STACK:0 SHARED:0 LOCAL:0 TEXTURE:0 SURFACE:0 SAMPLER:0
 Function _ZN10__GEIGEN__21__M12x2_M2x2_MultiplyERKNS_11Matrix12x2dERKNS_10Matrix2x2dE:
  REG:134 STACK:0 SHARED:0 LOCAL:0 TEXTURE:0 SURFACE:0 SAMPLER:0
 Function _ZN10__GEIGEN__20__M3x2_M2x2_MultiplyERKNS_10Matrix3x2dERKNS_10Matrix2x2dE:
  REG:62 STACK:0 SHARED:0 LOCAL:0 TEXTURE:0 SURFACE:0 SAMPLER:0
 Function _ZN10__GEIGEN__20__M9x6_M6x6_MultiplyERKNS_10Matrix9x6dERKNS_10Matrix6x6dE:
  REG:254 STACK:0 SHARED:0 LOCAL:0 TEXTURE:0 SURFACE:0 SAMPLER:0
 Function _ZN10__GEIGEN__14__Transpose6x9ERKNS_10Matrix6x9dE:
  REG:230 STACK:0 SHARED:0 LOCAL:0 TEXTURE:0 SURFACE:0 SAMPLER:0
 Function _ZN10__GEIGEN__14__Transpose3x2ERKNS_10Matrix3x2dE:
  REG:36 STACK:0 SHARED:0 LOCAL:0 TEXTURE:0 SURFACE:0 SAMPLER:0
 Function _ZN10__GEIGEN__15__Transpose9x12ERKNS_11Matrix9x12dE:
  REG:254 STACK:0 SHARED:0 LOCAL:0 TEXTURE:0 SURFACE:0 SAMPLER:0
 Function _ZN10__GEIGEN__16__S_Mat_multiplyERKNS_10Matrix3x3dERKd:
  REG:60 STACK:0 SHARED:0 LOCAL:0 TEXTURE:0 SURFACE:0 SAMPLER:0
 Function _ZN10__GEIGEN__17__init_Mat6x9_valERNS_10Matrix6x9dERKd:
  REG:38 STACK:0 SHARED:0 LOCAL:0 TEXTURE:0 SURFACE:0 SAMPLER:0
 Function _ZN10__GEIGEN__18__init_Mat9x12_valERNS_11Matrix9x12dERKd:
  REG:38 STACK:0 SHARED:0 LOCAL:0 TEXTURE:0 SURFACE:0 SAMPLER:0
 Function _ZN10__GEIGEN__23__set_Mat2x2_val_columnERNS_10Matrix2x2dERK7double2S4_:
  REG:36 STACK:0 SHARED:0 LOCAL:0 TEXTURE:0 SURFACE:0 SAMPLER:0
 Function _ZN10__GEIGEN__20__set_Mat_val_columnERNS_10Matrix3x3dERK7double3S4_S4_:
  REG:46 STACK:0 SHARED:0 LOCAL:0 TEXTURE:0 SURFACE:0 SAMPLER:0
 Function _ZN10__GEIGEN__13__set_Mat_valERNS_10Matrix3x3dERKdS3_S3_S3_S3_S3_S3_S3_S3_:
  REG:46 STACK:0 SHARED:0 LOCAL:0 TEXTURE:0 SURFACE:0 SAMPLER:0
 Function _ZN10__GEIGEN__18__set_Mat_identityERNS_10Matrix2x2dE:
  REG:24 STACK:0 SHARED:0 LOCAL:0 TEXTURE:0 SURFACE:0 SAMPLER:0
 Function _ZN10__GEIGEN__12__Mat9x9_addERKNS_10Matrix9x9dES2_:
  REG:254 STACK:0 SHARED:0 LOCAL:0 TEXTURE:0 SURFACE:0 SAMPLER:0
 Function _ZN10__GEIGEN__12__Mat2x2_addERKNS_10Matrix2x2dES2_:
  REG:46 STACK:0 SHARED:0 LOCAL:0 TEXTURE:0 SURFACE:0 SAMPLER:0
 Function _ZN10__GEIGEN__9__Mat_addERKNS_10Matrix6x6dES2_RS0_:
  REG:38 STACK:0 SHARED:0 LOCAL:0 TEXTURE:0 SURFACE:0 SAMPLER:0
 Function _ZN10__GEIGEN__9__Mat_addERKNS_10Matrix3x3dES2_RS0_:
  REG:38 STACK:0 SHARED:0 LOCAL:0 TEXTURE:0 SURFACE:0 SAMPLER:0
 Function _ZN10__GEIGEN__17__s_vec6_multiplyENS_7Vector6Ed:
  REG:36 STACK:0 SHARED:0 LOCAL:0 TEXTURE:0 SURFACE:0 SAMPLER:0
 Function _ZN10__GEIGEN__18__s_vec12_multiplyENS_8Vector12Ed:
  REG:62 STACK:0 SHARED:0 LOCAL:0 TEXTURE:0 SURFACE:0 SAMPLER:0
 Function _ZN10__GEIGEN__17__s_vec9_multiplyENS_7Vector9Ed:
  REG:52 STACK:0 SHARED:0 LOCAL:0 TEXTURE:0 SURFACE:0 SAMPLER:0
 Function _ZN10__GEIGEN__18__v6_vec6_toMat6x6ENS_7Vector6ES0_:
  REG:84 STACK:0 SHARED:0 LOCAL:0 TEXTURE:0 SURFACE:0 SAMPLER:0
 Function _ZN10__GEIGEN__18__v9_vec9_toMat9x9ERKNS_7Vector9ES2_RKd:
  REG:110 STACK:0 SHARED:0 LOCAL:0 TEXTURE:0 SURFACE:0 SAMPLER:0
 Function _ZN10__GEIGEN__14__Mat2x2_minusENS_10Matrix2x2dES0_:
  REG:38 STACK:0 SHARED:0 LOCAL:0 TEXTURE:0 SURFACE:0 SAMPLER:0
 Function _ZN10__GEIGEN__19__s_Mat2x2_multiplyENS_10Matrix2x2dEd:
  REG:24 STACK:0 SHARED:0 LOCAL:0 TEXTURE:0 SURFACE:0 SAMPLER:0
 Function _ZN10__GEIGEN__18__v2_vec2_toMat2x2E7double2S0_:
  REG:24 STACK:0 SHARED:0 LOCAL:0 TEXTURE:0 SURFACE:0 SAMPLER:0
 Function _ZN10__GEIGEN__13__v_vec_toMatE7double3S0_:
  REG:52 STACK:0 SHARED:0 LOCAL:0 TEXTURE:0 SURFACE:0 SAMPLER:0
 Function _ZN10__GEIGEN__13__v_vec_crossE7double3S0_:
  REG:36 STACK:0 SHARED:0 LOCAL:0 TEXTURE:0 SURFACE:0 SAMPLER:0
 Function _ZN10__GEIGEN__11__v_vec_dotERK7double3S2_:
  REG:38 STACK:0 SHARED:0 LOCAL:0 TEXTURE:0 SURFACE:0 SAMPLER:0
 Function _ZN10__GEIGEN__19__S_Mat6x6_multiplyERKNS_10Matrix6x6dERKd:
  REG:166 STACK:0 SHARED:0 LOCAL:0 TEXTURE:0 SURFACE:0 SAMPLER:0
 Function _ZN10__GEIGEN__19__S_Mat9x9_multiplyERKNS_10Matrix9x9dERKd:
  REG:254 STACK:0 SHARED:0 LOCAL:0 TEXTURE:0 SURFACE:0 SAMPLER:0
 Function _ZN10__GEIGEN__18__M6x6_v6_multiplyERKNS_10Matrix6x6dERKNS_7Vector6E:
  REG:84 STACK:0 SHARED:0 LOCAL:0 TEXTURE:0 SURFACE:0 SAMPLER:0
 Function _ZN10__GEIGEN__18__M9x6_v6_multiplyERKNS_10Matrix9x6dERKNS_7Vector6E:
  REG:84 STACK:0 SHARED:0 LOCAL:0 TEXTURE:0 SURFACE:0 SAMPLER:0
 Function _ZN10__GEIGEN__18__M2x3_v3_multiplyERKNS_10Matrix2x3dERK7double3:
  REG:44 STACK:0 SHARED:0 LOCAL:0 TEXTURE:0 SURFACE:0 SAMPLER:0
 Function _ZN10__GEIGEN__19__M12x9_v9_multiplyERKNS_11Matrix12x9dERKNS_7Vector9E:
  REG:102 STACK:0 SHARED:0 LOCAL:0 TEXTURE:0 SURFACE:0 SAMPLER:0
 Function _ZN10__GEIGEN__19__S_Mat3x2_multiplyERKNS_10Matrix3x2dERKd:
  REG:44 STACK:0 SHARED:0 LOCAL:0 TEXTURE:0 SURFACE:0 SAMPLER:0
 Function _ZN10__GEIGEN__12__Mat3x2_addERKNS_10Matrix3x2dES2_:
  REG:46 STACK:0 SHARED:0 LOCAL:0 TEXTURE:0 SURFACE:0 SAMPLER:0
 Function _ZN10__GEIGEN__18__M3x2_v2_multiplyERKNS_10Matrix3x2dERK7double2:
  REG:46 STACK:0 SHARED:0 LOCAL:0 TEXTURE:0 SURFACE:0 SAMPLER:0
 Function _ZN10__GEIGEN__14__M_v_multiplyERKNS_10Matrix3x3dERK7double3:
  REG:62 STACK:0 SHARED:0 LOCAL:0 TEXTURE:0 SURFACE:0 SAMPLER:0
 Function _ZN10__GEIGEN__16__M_Mat_multiplyERKNS_10Matrix3x3dES2_:
  REG:86 STACK:0 SHARED:0 LOCAL:0 TEXTURE:0 SURFACE:0 SAMPLER:0
 Function _ZN10__GEIGEN__16__M_Mat_multiplyERKNS_10Matrix3x3dES2_RS0_:
  REG:46 STACK:0 SHARED:0 LOCAL:0 TEXTURE:0 SURFACE:0 SAMPLER:0
 Function _ZN10__GEIGEN__13__squaredNormERKNS_10Matrix3x3dE:
  REG:38 STACK:0 SHARED:0 LOCAL:0 TEXTURE:0 SURFACE:0 SAMPLER:0
 Function _ZN10__GEIGEN__13__squaredNormE7double2:
  REG:24 STACK:0 SHARED:0 LOCAL:0 TEXTURE:0 SURFACE:0 SAMPLER:0
 Function _ZN10__GEIGEN__13__squaredNormE7double3:
  REG:24 STACK:0 SHARED:0 LOCAL:0 TEXTURE:0 SURFACE:0 SAMPLER:0
 Function _ZN10__GEIGEN__17__v2_vec_multiplyE7double2S0_:
  REG:24 STACK:0 SHARED:0 LOCAL:0 TEXTURE:0 SURFACE:0 SAMPLER:0
 Function _ZN10__GEIGEN__7__minusE7double3S0_:
  REG:24 STACK:0 SHARED:0 LOCAL:0 TEXTURE:0 SURFACE:0 SAMPLER:0
 Function _ZN10__GEIGEN__6__add6ERKNS_7Vector6ES2_:
  REG:46 STACK:0 SHARED:0 LOCAL:0 TEXTURE:0 SURFACE:0 SAMPLER:0
 Function _ZN10__GEIGEN__6__add9ERKNS_7Vector9ES2_:
  REG:62 STACK:0 SHARED:0 LOCAL:0 TEXTURE:0 SURFACE:0 SAMPLER:0
 Function _ZN10__GEIGEN__5__addE7double3S0_:
  REG:24 STACK:0 SHARED:0 LOCAL:0 TEXTURE:0 SURFACE:0 SAMPLER:0
 Function _ZN10__GEIGEN__12__normalizedE7double3:
  REG:51 STACK:0 SHARED:0 LOCAL:0 TEXTURE:0 SURFACE:0 SAMPLER:0
 Function _ZN10__GEIGEN__16__s_vec_multiplyERK7double2d:
  REG:24 STACK:0 SHARED:0 LOCAL:0 TEXTURE:0 SURFACE:0 SAMPLER:0
 Function _ZN10__GEIGEN__16__s_vec_multiplyERK7double3d:
  REG:24 STACK:0 SHARED:0 LOCAL:0 TEXTURE:0 SURFACE:0 SAMPLER:0
 Function _ZN10__GEIGEN__6__normERK7double3:
  REG:37 STACK:0 SHARED:0 LOCAL:0 TEXTURE:0 SURFACE:0 SAMPLER:0
 Function _ZN10__GEIGEN__13__init_Mat9x9ERNS_10Matrix9x9dERKd:
  REG:38 STACK:0 SHARED:0 LOCAL:0 TEXTURE:0 SURFACE:0 SAMPLER:0
 Function _ZN3cub17CUB_300001_SM_8606detail4scan16DeviceScanKernelINS2_10policy_hubIiiijN4cuda3std3__44plusIvEEE10Policy1000EPKiPiNS0_13ScanTileStateIiLb1EEES9_NS1_10InputValueIiSE_EEjiLb0EiEEvT0_T1_T2_iT3_T4_T5_:
  REG:104 STACK:0 SHARED:7696 LOCAL:0 CONSTANT[0]:404 TEXTURE:0 SURFACE:0 SAMPLER:0
 Function _ZN3cub17CUB_300001_SM_8606detail4scan20DeviceScanInitKernelINS0_13ScanTileStateIiLb1EEEEEvT_i:
  REG:10 STACK:0 SHARED:0 LOCAL:0 CONSTANT[0]:364 TEXTURE:0 SURFACE:0 SAMPLER:0
 Function _Z23_schwarzLocalXSym6_wideIN10__GEIGEN__13MasMatrixSymfEdd7double3EvPKT_PKN5Eigen6MatrixIT0_Li3ELi1ELi0ELi3ELi1EEEPT2_i:
  REG:34 STACK:0 SHARED:384 LOCAL:0 CONSTANT[0]:380 TEXTURE:0 SURFACE:0 SAMPLER:0
 Function _Z23_schwarzLocalXSym6_wideIN10__GEIGEN__13MasMatrixSymTEdd7double3EvPKT_PKN5Eigen6MatrixIT0_Li3ELi1ELi0ELi3ELi1EEEPT2_i:
  REG:36 STACK:0 SHARED:384 LOCAL:0 CONSTANT[0]:380 TEXTURE:0 SURFACE:0 SAMPLER:0
 Function _Z37__buildMultiLevelR_optimized_new_wideIdEvPK7double3PN5Eigen6MatrixIT_Li3ELi1ELi0ELi3ELi1EEEPiS8_PjS8_ii:
  REG:40 STACK:0 SHARED:6208 LOCAL:0 CONSTANT[0]:408 TEXTURE:0 SURFACE:0 SAMPLER:0
 Function _Z24__collectFinalZ_new_wideI7double3EvPS0_PKT_PKN10__GEIGEN__6itableEPiii:
  REG:40 STACK:24 SHARED:0 LOCAL:0 CONSTANT[0]:392 TEXTURE:0 SURFACE:0 SAMPLER:0
 Function __cuda_sm20_div_rn_f64_full:
  REG:32 STACK:0 SHARED:0 LOCAL:0 TEXTURE:0 SURFACE:0 SAMPLER:0
 Function _Z23__inverse6_P96x96_typedIN10__GEIGEN__13MasMatrixSymTEEvPT_PS1_i:
  REG:48 STACK:0 SHARED:37632 LOCAL:0 CONSTANT[0]:372 TEXTURE:0 SURFACE:0 SAMPLER:0
 Function __cuda_sm20_dsqrt_rn_f64_mediumpath_v1:
  REG:24 STACK:0 SHARED:0 LOCAL:0 TEXTURE:0 SURFACE:0 SAMPLER:0
 Function _ZN59_GLOBAL__N__6e3e98a1_20_MASPreconditioner_cu_0d8d134c_2422431prepare_hessian_bcoo_sum_kernelEiiPiPN10__GEIGEN__13MasMatrixSymTES0_PjS0_:
  REG:82 STACK:0 SHARED:4 LOCAL:0 CONSTANT[0]:400 TEXTURE:0 SURFACE:0 SAMPLER:0
 Function _ZN59_GLOBAL__N__6e3e98a1_20_MASPreconditioner_cu_0d8d134c_2422427prepare_hessian_bcoo_kernelEiiiPiPN10__GEIGEN__13MasMatrixSymTES0_PjPN5Eigen6MatrixIdLi3ELi3ELi0ELi3ELi3EEES0_S0_:
  REG:35 STACK:0 SHARED:0 LOCAL:0 CONSTANT[0]:424 TEXTURE:0 SURFACE:0 SAMPLER:0
 Function _Z21factor_inverse_actionPKdPKN5Eigen6MatrixIdLi3ELi1ELi0ELi3ELi1EEEP7double3:
  REG:36 STACK:0 SHARED:19584 LOCAL:0 CONSTANT[0]:376 TEXTURE:0 SURFACE:0 SAMPLER:0
 Function _Z22invert_cholesky_factorPKdPdPi:
  REG:42 STACK:0 SHARED:4 LOCAL:0 CONSTANT[0]:376 TEXTURE:0 SURFACE:0 SAMPLER:0
 Function _Z27warp_deterministic_restrictPKdPN5Eigen6MatrixIdLi3ELi1ELi0ELi3ELi1EEEPKiS6_i:
  REG:40 STACK:0 SHARED:0 LOCAL:0 CONSTANT[0]:388 TEXTURE:0 SURFACE:0 SAMPLER:0
 Function _Z22deterministic_restrictPKdPN5Eigen6MatrixIdLi3ELi1ELi0ELi3ELi1EEEPKiS6_i:
  REG:39 STACK:0 SHARED:0 LOCAL:0 CONSTANT[0]:388 TEXTURE:0 SURFACE:0 SAMPLER:0
 Function _Z15cholesky_actionPKdPKN5Eigen6MatrixIdLi3ELi1ELi0ELi3ELi1EEEP7double3:
  REG:38 STACK:0 SHARED:384 LOCAL:0 CONSTANT[0]:376 TEXTURE:0 SURFACE:0 SAMPLER:0
 Function _Z18symmetric_choleskyPKN10__GEIGEN__13MasMatrixSymTEPdPi:
  REG:40 STACK:0 SHARED:18436 LOCAL:0 CONSTANT[0]:376 TEXTURE:0 SURFACE:0 SAMPLER:0
 Function _Z29_buildCollisionConnection_newPjPKiPK4int4S1_iiii:
  REG:30 STACK:0 SHARED:0 LOCAL:0 CONSTANT[0]:400 TEXTURE:0 SURFACE:0 SAMPLER:0
 Function _Z18_schwarzLocalXSym9PKN10__GEIGEN__13MasMatrixSymfEPKN5Eigen6MatrixIfLi3ELi1ELi0ELi3ELi1EEEP6float3i:
  REG:34 STACK:0 SHARED:1024 LOCAL:0 CONSTANT[0]:380 TEXTURE:0 SURFACE:0 SAMPLER:0
 Function _Z18_schwarzLocalXSym6PKN10__GEIGEN__13MasMatrixSymfEPKN5Eigen6MatrixIfLi3ELi1ELi0ELi3ELi1EEEP6float3i:
  REG:29 STACK:0 SHARED:192 LOCAL:0 CONSTANT[0]:380 TEXTURE:0 SURFACE:0 SAMPLER:0
 Function _Z18_schwarzLocalXSym3PKN10__GEIGEN__13MasMatrixSymfEPKN5Eigen6MatrixIfLi3ELi1ELi0ELi3ELi1EEEP6float3i:
  REG:25 STACK:0 SHARED:192 LOCAL:0 CONSTANT[0]:380 TEXTURE:0 SURFACE:0 SAMPLER:0
 Function _Z19__collectFinalZ_newP7double3PK6float3PKN10__GEIGEN__6itableEPiii:
  REG:33 STACK:24 SHARED:0 LOCAL:0 CONSTANT[0]:392 TEXTURE:0 SURFACE:0 SAMPLER:0
 Function _Z32__buildMultiLevelR_optimized_newPK7double3PN5Eigen6MatrixIfLi3ELi1ELi0ELi3ELi1EEEPiS6_PjS6_ii:
  REG:34 STACK:0 SHARED:3136 LOCAL:0 CONSTANT[2]:8 CONSTANT[0]:408 TEXTURE:0 SURFACE:0 SAMPLER:0
 Function _Z17__inverse6_P96x96PN10__GEIGEN__13MasMatrixSymfEPNS_13MasMatrixSymTEi:
  REG:48 STACK:0 SHARED:37632 LOCAL:0 CONSTANT[2]:8 CONSTANT[0]:372 TEXTURE:0 SURFACE:0 SAMPLER:0
 Function _Z18_aggregationKernelPiPN10__GEIGEN__6itableES_ii:
  REG:38 STACK:24 SHARED:0 LOCAL:0 CONSTANT[0]:384 TEXTURE:0 SURFACE:0 SAMPLER:0
 Function _Z17_computeNextLevelPiPjii:
  REG:12 STACK:0 SHARED:0 LOCAL:0 CONSTANT[0]:376 TEXTURE:0 SURFACE:0 SAMPLER:0
 Function _Z12_prefixSumLxP4int2PjS1_S1_Piiii:
  REG:28 STACK:0 SHARED:1088 LOCAL:0 CONSTANT[0]:404 TEXTURE:0 SURFACE:0 SAMPLER:0
 Function _Z17_nextLevelClusterPjS_i:
  REG:24 STACK:0 SHARED:1088 LOCAL:0 CONSTANT[0]:372 TEXTURE:0 SURFACE:0 SAMPLER:0
 Function _Z23_buildConnectMaskLx_newPKjPjS1_PiS1_S0_iS2_ii:
  REG:34 STACK:0 SHARED:1024 LOCAL:0 CONSTANT[0]:424 TEXTURE:0 SURFACE:0 SAMPLER:0
 Function _Z19_buildConnectMaskLxPKjPjS1_PiS1_S0_ii:
  REG:36 STACK:0 SHARED:1024 LOCAL:0 CONSTANT[0]:408 TEXTURE:0 SURFACE:0 SAMPLER:0
 Function _Z16_buildLevel1_newP4int2PiS1_PKjPKiS5_S1_i:
  REG:28 STACK:0 SHARED:1088 LOCAL:0 CONSTANT[0]:412 TEXTURE:0 SURFACE:0 SAMPLER:0
 Function _Z12_buildLevel1P4int2PiS1_PKjPKiS5_i:
  REG:28 STACK:0 SHARED:1088 LOCAL:0 CONSTANT[0]:404 TEXTURE:0 SURFACE:0 SAMPLER:0
 Function _Z23_preparePrefixSumL0_newPiPjS_i:
  REG:24 STACK:0 SHARED:1088 LOCAL:0 CONSTANT[0]:380 TEXTURE:0 SURFACE:0 SAMPLER:0
 Function _Z19_preparePrefixSumL0PiPji:
  REG:24 STACK:0 SHARED:1088 LOCAL:0 CONSTANT[0]:372 TEXTURE:0 SURFACE:0 SAMPLER:0
 Function _Z14_buildCML0_newPKjPjS1_S1_PiS2_i:
  REG:32 STACK:0 SHARED:0 LOCAL:0 CONSTANT[0]:404 TEXTURE:0 SURFACE:0 SAMPLER:0
 Function _Z10_buildCML0PKjPjS1_S1_i:
  REG:27 STACK:0 SHARED:0 LOCAL:0 CONSTANT[0]:388 TEXTURE:0 SURFACE:0 SAMPLER:0
 Function __internal_accurate_pow:
  REG:44 STACK:0 SHARED:0 LOCAL:0 TEXTURE:0 SURFACE:0 SAMPLER:0
 Function __cuda_sm20_drsqrt_f64_slowpath_v2:
  REG:24 STACK:0 SHARED:0 LOCAL:0 TEXTURE:0 SURFACE:0 SAMPLER:0
 Function __cuda_sm20_dsqrt_rn_f64_mediumpath_v1:
  REG:24 STACK:0 SHARED:0 LOCAL:0 TEXTURE:0 SURFACE:0 SAMPLER:0
 Function __cuda_sm20_div_rn_f64_full:
  REG:32 STACK:0 SHARED:0 LOCAL:0 TEXTURE:0 SURFACE:0 SAMPLER:0
 Function __cuda_sm20_dblrcp_rn_slowpath_v3:
  REG:24 STACK:0 SHARED:0 LOCAL:0 TEXTURE:0 SURFACE:0 SAMPLER:0
 Function _ZN3cub17CUB_300001_SM_8606detail6reduce28DeviceReduceSingleTileKernelINS2_10policy_hubIdjN52_GLOBAL__N__0f8a2434_13_toi_solver_cu_b2c3e541_3417210ToiMinimumEE10Policy1000EPdS9_iS6_ddN4cuda3std3__410__identityEEEvT0_T1_T2_T3_T4_T6_:
  REG:48 STACK:0 SHARED:80 LOCAL:0 CONSTANT[0]:385 TEXTURE:0 SURFACE:0 SAMPLER:0
 Function _ZN3cub17CUB_300001_SM_8606detail6reduce18DeviceReduceKernelINS2_10policy_hubIdjN52_GLOBAL__N__0f8a2434_13_toi_solver_cu_b2c3e541_3417210ToiMinimumEE10Policy1000EPKdjS6_dN4cuda3std3__410__identityEEEvT0_PT3_T1_NS0_13GridEvenShareISI_EET2_T4_:
  REG:44 STACK:0 SHARED:80 LOCAL:0 CONSTANT[0]:414 TEXTURE:0 SURFACE:0 SAMPLER:0
 Function _ZN3cub17CUB_300001_SM_8606detail6reduce28DeviceReduceSingleTileKernelINS2_10policy_hubIdjN52_GLOBAL__N__0f8a2434_13_toi_solver_cu_b2c3e541_3417210ToiMinimumEE10Policy1000EPKdPdjS6_ddN4cuda3std3__410__identityEEEvT0_T1_T2_T3_T4_T6_:
  REG:44 STACK:0 SHARED:80 LOCAL:0 CONSTANT[0]:385 TEXTURE:0 SURFACE:0 SAMPLER:0
 Function _ZN52_GLOBAL__N__0f8a2434_13_toi_solver_cu_b2c3e541_3417213ground_lambdaEPK10ToiContactiiPdb:
  REG:16 STACK:0 SHARED:0 LOCAL:0 CONSTANT[0]:377 TEXTURE:0 SURFACE:0 SAMPLER:0
 Function _ZN52_GLOBAL__N__0f8a2434_13_toi_solver_cu_b2c3e541_3417214friction_basisEPK10ToiContactiPdP7double2PN10__GEIGEN__10Matrix3x2dEb:
  REG:42 STACK:0 SHARED:0 LOCAL:0 CONSTANT[2]:16 CONSTANT[0]:393 TEXTURE:0 SURFACE:0 SAMPLER:0
 Function _ZN52_GLOBAL__N__0f8a2434_13_toi_solver_cu_b2c3e541_3417214volume_fixtureEiddPdPi:
  REG:54 STACK:32 SHARED:0 LOCAL:0 CONSTANT[2]:32 CONSTANT[0]:392 TEXTURE:0 SURFACE:0 SAMPLER:0
 Function _ZN52_GLOBAL__N__0f8a2434_13_toi_solver_cu_b2c3e541_3417218volume_step_boundsEPK7double3S2_S2_S2_PK5uint4idPdPi:
  REG:72 STACK:32 SHARED:0 LOCAL:0 CONSTANT[2]:16 CONSTANT[0]:424 TEXTURE:0 SURFACE:0 SAMPLER:0
 Function _ZN52_GLOBAL__N__0f8a2434_13_toi_solver_cu_b2c3e541_3417218world_abd_diagonalEPKN4gipc9ABDJacobiEPKiPK16BodyBoundaryTypePKN5Eigen6MatrixIdLi12ELi12ELi0ELi12ELi12EEEiiPdPi:
  REG:80 STACK:0 SHARED:0 LOCAL:0 CONSTANT[0]:408 TEXTURE:0 SURFACE:0 SAMPLER:0
 Function _ZN52_GLOBAL__N__0f8a2434_13_toi_solver_cu_b2c3e541_3417217fem_only_diagonalEPdii:
  REG:6 STACK:0 SHARED:0 LOCAL:0 CONSTANT[0]:368 TEXTURE:0 SURFACE:0 SAMPLER:0
 Function _ZN52_GLOBAL__N__0f8a2434_13_toi_solver_cu_b2c3e541_3417216movable_diagonalEPdiiPK16BodyBoundaryTypePKi:
  REG:10 STACK:0 SHARED:0 LOCAL:0 CONSTANT[0]:384 TEXTURE:0 SURFACE:0 SAMPLER:0
 Function _ZN52_GLOBAL__N__0f8a2434_13_toi_solver_cu_b2c3e541_3417212diagonal_maxEPKN5Eigen6MatrixIdLi3ELi3ELi0ELi3ELi3EEEPKiS6_iPd:
  REG:20 STACK:0 SHARED:0 LOCAL:0 CONSTANT[0]:392 TEXTURE:0 SURFACE:0 SAMPLER:0
 Function _ZN52_GLOBAL__N__0f8a2434_13_toi_solver_cu_b2c3e541_3417214validate_timesEPKdiPi:
  REG:8 STACK:0 SHARED:0 LOCAL:0 CONSTANT[0]:376 TEXTURE:0 SURFACE:0 SAMPLER:0
 Function _ZN52_GLOBAL__N__0f8a2434_13_toi_solver_cu_b2c3e541_3417210ground_ccdEPK7double3S2_PKjiS2_PKdPd:
  REG:32 STACK:0 SHARED:0 LOCAL:0 CONSTANT[0]:408 TEXTURE:0 SURFACE:0 SAMPLER:0
 Function _ZN52_GLOBAL__N__0f8a2434_13_toi_solver_cu_b2c3e541_341728pair_ccdEPK7double3S2_PK4int4iPdd:
  REG:178 STACK:1048 SHARED:0 LOCAL:0 CONSTANT[0]:400 CONSTANT[2]:104 TEXTURE:0 SURFACE:0 SAMPLER:0
 Function _ZN52_GLOBAL__N__0f8a2434_13_toi_solver_cu_b2c3e541_341727blend_qEPdPKdS2_di:
  REG:14 STACK:0 SHARED:0 LOCAL:0 CONSTANT[0]:388 TEXTURE:0 SURFACE:0 SAMPLER:0
 Function _ZN52_GLOBAL__N__0f8a2434_13_toi_solver_cu_b2c3e541_3417214blend_verticesEP7double3PKS0_S3_di:
  REG:30 STACK:0 SHARED:0 LOCAL:0 CONSTANT[0]:388 TEXTURE:0 SURFACE:0 SAMPLER:0
 Function _ZN52_GLOBAL__N__0f8a2434_13_toi_solver_cu_b2c3e541_3417218direction_axis_maxEPK7double3Pdi:
  REG:16 STACK:0 SHARED:0 LOCAL:0 CONSTANT[0]:372 TEXTURE:0 SURFACE:0 SAMPLER:0
 Function _ZN52_GLOBAL__N__0f8a2434_13_toi_solver_cu_b2c3e541_3417222direction_squared_normEPK7double3Pdi:
  REG:12 STACK:0 SHARED:0 LOCAL:0 CONSTANT[0]:372 TEXTURE:0 SURFACE:0 SAMPLER:0
 Function _ZN52_GLOBAL__N__0f8a2434_13_toi_solver_cu_b2c3e541_3417214make_directionEPK7double3S2_PS0_i:
  REG:22 STACK:0 SHARED:0 LOCAL:0 CONSTANT[0]:380 TEXTURE:0 SURFACE:0 SAMPLER:0
 Function _ZN52_GLOBAL__N__0f8a2434_13_toi_solver_cu_b2c3e541_341729al_energyEPK10ToiContactiPK7double3ddPdb:
  REG:44 STACK:0 SHARED:0 LOCAL:0 CONSTANT[0]:401 TEXTURE:0 SURFACE:0 SAMPLER:0
 Function _ZN52_GLOBAL__N__0f8a2434_13_toi_solver_cu_b2c3e541_3417210al_hessianEPK10ToiContactiiPK7double3PS3_PN5Eigen6MatrixIdLi3ELi3ELi0ELi3ELi3EEEPiSB_iddb:
  REG:56 STACK:0 SHARED:0 LOCAL:0 CONSTANT[0]:433 TEXTURE:0 SURFACE:0 SAMPLER:0
 Function _ZN52_GLOBAL__N__0f8a2434_13_toi_solver_cu_b2c3e541_3417212update_slackEP10ToiContactiPK7double3ddbbb:
  REG:44 STACK:0 SHARED:0 LOCAL:0 CONSTANT[2]:184 CONSTANT[0]:395 TEXTURE:0 SURFACE:0 SAMPLER:0
 Function _ZN52_GLOBAL__N__0f8a2434_13_toi_solver_cu_b2c3e541_341729linearizeEP10ToiContactiPK7double3S4_PKddPi:
  REG:68 STACK:0 SHARED:0 LOCAL:0 CONSTANT[2]:32 CONSTANT[0]:408 TEXTURE:0 SURFACE:0 SAMPLER:0
