         E:\university_class\ComputerGraphics\GIPC\StiffGIPC_Learning\StiffGIPC\gipc\utils\timer.h(19,11): error C2429: 语言功能 "嵌套命名空间定义" 需要编译器标志 "/std:c++17" [E:\university_class\ComputerGraphics\GIPC\StiffGIPC_Learning\build\report56_stage1_fix_20261008\linear_structure_probe_gpu_test.vcxproj]
         E:\university_class\ComputerGraphics\GIPC\StiffGIPC_Learning\StiffGIPC\gipc\utils\timer.h(39,22): error C2039: "string_view": 不是 "std" 的成员 [E:\university_class\ComputerGraphics\GIPC\StiffGIPC_Learning\build\report56_stage1_fix_20261008\linear_structure_probe_gpu_test.vcxproj]
         E:\university_class\ComputerGraphics\GIPC\StiffGIPC_Learning\StiffGIPC\gipc\utils\timer.h(39,22): error C2061: 语法错误: 标识符“string_view” [E:\university_class\ComputerGraphics\GIPC\StiffGIPC_Learning\build\report56_stage1_fix_20261008\linear_structure_probe_gpu_test.vcxproj]
         E:\university_class\ComputerGraphics\GIPC\StiffGIPC_Learning\StiffGIPC\gipc\utils\timer.h(61,16): error C2039: "string_view": 不是 "std" 的成员 [E:\university_class\ComputerGraphics\GIPC\StiffGIPC_Learning\build\report56_stage1_fix_20261008\linear_structure_probe_gpu_test.vcxproj]
         E:\university_class\ComputerGraphics\GIPC\StiffGIPC_Learning\StiffGIPC\gipc\utils\timer.h(61,16): error C2061: 语法错误: 标识符“string_view” [E:\university_class\ComputerGraphics\GIPC\StiffGIPC_Learning\build\report56_stage1_fix_20261008\linear_structure_probe_gpu_test.vcxproj]
         E:\university_class\ComputerGraphics\GIPC\StiffGIPC_Learning\StiffGIPC\gipc\utils\timer.h(86,29): error C2039: "string_view": 不是 "std" 的成员 [E:\university_class\ComputerGraphics\GIPC\StiffGIPC_Learning\build\report56_stage1_fix_20261008\linear_structure_probe_gpu_test.vcxproj]
         E:\university_class\ComputerGraphics\GIPC\StiffGIPC_Learning\StiffGIPC\gipc\utils\timer.h(86,29): error C2061: 语法错误: 标识符“string_view” [E:\university_class\ComputerGraphics\GIPC\StiffGIPC_Learning\build\report56_stage1_fix_20261008\linear_structure_probe_gpu_test.vcxproj]
         E:\university_class\ComputerGraphics\GIPC\StiffGIPC_Learning\StiffGIPC\gipc\utils\timer.h(122,22): error C2039: "string_view": 不是 "std" 的成员 [E:\university_class\ComputerGraphics\GIPC\StiffGIPC_Learning\build\report56_stage1_fix_20261008\linear_structure_probe_gpu_test.vcxproj]
         E:\university_class\ComputerGraphics\GIPC\StiffGIPC_Learning\StiffGIPC\gipc\utils\timer.h(122,22): error C2061: 语法错误: 标识符“string_view” [E:\university_class\ComputerGraphics\GIPC\StiffGIPC_Learning\build\report56_stage1_fix_20261008\linear_structure_probe_gpu_test.vcxproj]
         E:\university_class\ComputerGraphics\GIPC\StiffGIPC_Learning\StiffGIPC\gipc\utils\timer.cpp(3,11): error C2429: 语言功能 "嵌套命名空间定义" 需要编译器标志 "/std:c++17" [E:\university_class\ComputerGraphics\GIPC\StiffGIPC_Learning\build\report56_stage1_fix_20261008\linear_structure_probe_gpu_test.vcxproj]
         E:\university_class\ComputerGraphics\GIPC\StiffGIPC_Learning\StiffGIPC\gipc\utils\timer.cpp(47,19): error C2039: "string_view": 不是 "std" 的成员 [E:\university_class\ComputerGraphics\GIPC\StiffGIPC_Learning\build\report56_stage1_fix_20261008\linear_structure_probe_gpu_test.vcxproj]
         E:\university_class\ComputerGraphics\GIPC\StiffGIPC_Learning\StiffGIPC\gipc\utils\timer.cpp(47,19): error C2065: “string_view”: 未声明的标识符 [E:\university_class\ComputerGraphics\GIPC\StiffGIPC_Learning\build\report56_stage1_fix_20261008\linear_structure_probe_gpu_test.vcxproj]
         E:\university_class\ComputerGraphics\GIPC\StiffGIPC_Learning\StiffGIPC\gipc\utils\timer.cpp(47,31): error C2146: 语法错误: 缺少“)”(在标识符“blockName”的前面) [E:\university_class\ComputerGraphics\GIPC\StiffGIPC_Learning\build\report56_stage1_fix_20261008\linear_structure_probe_gpu_test.vcxproj]
         E:\university_class\ComputerGraphics\GIPC\StiffGIPC_Learning\StiffGIPC\gipc\utils\timer.cpp(48,18): error C2065: “force_on”: 未声明的标识符 [E:\university_class\ComputerGraphics\GIPC\StiffGIPC_Learning\build\report56_stage1_fix_20261008\linear_structure_probe_gpu_test.vcxproj]
         E:\university_class\ComputerGraphics\GIPC\StiffGIPC_Learning\StiffGIPC\gipc\utils\timer.cpp(48,7): error C4430: 缺少类型说明符 - 假定为 int。注意: C++ 不支持默认 int [E:\university_class\ComputerGraphics\GIPC\StiffGIPC_Learning\build\report56_stage1_fix_20261008\linear_structure_probe_gpu_test.vcxproj]
         E:\university_class\ComputerGraphics\GIPC\StiffGIPC_Learning\StiffGIPC\gipc\utils\timer.cpp(49,1): error C2059: 语法错误:“{” [E:\university_class\ComputerGraphics\GIPC\StiffGIPC_Learning\build\report56_stage1_fix_20261008\linear_structure_probe_gpu_test.vcxproj]
         E:\university_class\ComputerGraphics\GIPC\StiffGIPC_Learning\StiffGIPC\gipc\utils\timer.cpp(49,1): error C2143: 语法错误: 缺少“;”(在“{”的前面) [E:\university_class\ComputerGraphics\GIPC\StiffGIPC_Learning\build\report56_stage1_fix_20261008\linear_structure_probe_gpu_test.vcxproj]
         E:\university_class\ComputerGraphics\GIPC\StiffGIPC_Learning\StiffGIPC\gipc\utils\timer.cpp(49,1): error C2447: “{”: 缺少函数标题(是否是老式的形式表?) [E:\university_class\ComputerGraphics\GIPC\StiffGIPC_Learning\build\report56_stage1_fix_20261008\linear_structure_probe_gpu_test.vcxproj]
         E:\university_class\ComputerGraphics\GIPC\StiffGIPC_Learning\StiffGIPC\gipc\utils\timer.cpp(86,35): error C2039: "string_view": 不是 "std" 的成员 [E:\university_class\ComputerGraphics\GIPC\StiffGIPC_Learning\build\report56_stage1_fix_20261008\linear_structure_probe_gpu_test.vcxproj]
         E:\university_class\ComputerGraphics\GIPC\StiffGIPC_Learning\StiffGIPC\gipc\utils\timer.cpp(86,35): error C2065: “string_view”: 未声明的标识符 [E:\university_class\ComputerGraphics\GIPC\StiffGIPC_Learning\build\report56_stage1_fix_20261008\linear_structure_probe_gpu_test.vcxproj]
         E:\university_class\ComputerGraphics\GIPC\StiffGIPC_Learning\StiffGIPC\gipc\utils\timer.cpp(86,47): error C2146: 语法错误: 缺少“)”(在标识符“name”的前面) [E:\university_class\ComputerGraphics\GIPC\StiffGIPC_Learning\build\report56_stage1_fix_20261008\linear_structure_probe_gpu_test.vcxproj]
         E:\university_class\ComputerGraphics\GIPC\StiffGIPC_Learning\StiffGIPC\gipc\utils\timer.cpp(87,1): error C2143: 语法错误: 缺少“;”(在“{”的前面) [E:\university_class\ComputerGraphics\GIPC\StiffGIPC_Learning\build\report56_stage1_fix_20261008\linear_structure_probe_gpu_test.vcxproj]
         E:\university_class\ComputerGraphics\GIPC\StiffGIPC_Learning\StiffGIPC\gipc\utils\timer.cpp(87,1): error C2447: “{”: 缺少函数标题(是否是老式的形式表?) [E:\university_class\ComputerGraphics\GIPC\StiffGIPC_Learning\build\report56_stage1_fix_20261008\linear_structure_probe_gpu_test.vcxproj]
         E:\university_class\ComputerGraphics\GIPC\StiffGIPC_Learning\StiffGIPC\gipc\utils\timer.cpp(105,31): error C2039: "string_view": 不是 "std" 的成员 [E:\university_class\ComputerGraphics\GIPC\StiffGIPC_Learning\build\report56_stage1_fix_20261008\linear_structure_probe_gpu_test.vcxproj]
         E:\university_class\ComputerGraphics\GIPC\StiffGIPC_Learning\StiffGIPC\gipc\utils\timer.cpp(105,31): error C2065: “string_view”: 未声明的标识符 [E:\university_class\ComputerGraphics\GIPC\StiffGIPC_Learning\build\report56_stage1_fix_20261008\linear_structure_probe_gpu_test.vcxproj]
         E:\university_class\ComputerGraphics\GIPC\StiffGIPC_Learning\StiffGIPC\gipc\utils\timer.cpp(105,43): error C2146: 语法错误: 缺少“)”(在标识符“name”的前面) [E:\university_class\ComputerGraphics\GIPC\StiffGIPC_Learning\build\report56_stage1_fix_20261008\linear_structure_probe_gpu_test.vcxproj]
         E:\university_class\ComputerGraphics\GIPC\StiffGIPC_Learning\StiffGIPC\gipc\utils\timer.cpp(106,1): error C2143: 语法错误: 缺少“;”(在“{”的前面) [E:\university_class\ComputerGraphics\GIPC\StiffGIPC_Learning\build\report56_stage1_fix_20261008\linear_structure_probe_gpu_test.vcxproj]
         E:\university_class\ComputerGraphics\GIPC\StiffGIPC_Learning\StiffGIPC\gipc\utils\timer.cpp(106,1): error C2447: “{”: 缺少函数标题(是否是老式的形式表?) [E:\university_class\ComputerGraphics\GIPC\StiffGIPC_Learning\build\report56_stage1_fix_20261008\linear_structure_probe_gpu_test.vcxproj]
         E:\university_class\ComputerGraphics\GIPC\StiffGIPC_Learning\StiffGIPC\gipc\utils\timer.cpp(200,48): error C2440: “初始化”: 无法从“initializer list”转换为“gipc::details::ScopedTimer” [E:\university_class\ComputerGraphics\GIPC\StiffGIPC_Learning\build\report56_stage1_fix_20261008\linear_structure_probe_gpu_test.vcxproj]
         E:\university_class\ComputerGraphics\GIPC\StiffGIPC_Learning\StiffGIPC\gipc\utils\timer.cpp(200,25): error C2672: “std::list<std::unique_ptr<gipc::GlobalTimer::STimer,std::default_delete<gipc::GlobalTimer::STimer>>,std::allocator<std::unique_ptr<gipc::GlobalTimer::STimer,std::default_delete<gipc::GlobalTimer::STimer>>>>::emplace_back”: 未找到匹配的重载函数 [E:\university_class\ComputerGraphics\GIPC\StiffGIPC_Learning\build\report56_stage1_fix_20261008\linear_structure_probe_gpu_test.vcxproj]
         E:\university_class\ComputerGraphics\GIPC\StiffGIPC_Learning\StiffGIPC\gipc\utils\timer.cpp(200,14): error C2530: “u”: 必须初始化引用 [E:\university_class\ComputerGraphics\GIPC\StiffGIPC_Learning\build\report56_stage1_fix_20261008\linear_structure_probe_gpu_test.vcxproj]
         E:\university_class\ComputerGraphics\GIPC\StiffGIPC_Learning\StiffGIPC\gipc\utils\timer.cpp(201,5): error C3536: “u”: 初始化之前无法使用 [E:\university_class\ComputerGraphics\GIPC\StiffGIPC_Learning\build\report56_stage1_fix_20261008\linear_structure_probe_gpu_test.vcxproj]
         E:\university_class\ComputerGraphics\GIPC\StiffGIPC_Learning\StiffGIPC\gipc\utils\timer.cpp(266,17): error C2429: 语言功能 "结构化绑定" 需要编译器标志 "/std:c++17" [E:\university_class\ComputerGraphics\GIPC\StiffGIPC_Learning\build\report56_stage1_fix_20261008\linear_structure_probe_gpu_test.vcxproj]
         E:\university_class\ComputerGraphics\GIPC\StiffGIPC_Learning\StiffGIPC\gipc\utils\timer.cpp(272,12): error C3536: “iter”: 初始化之前无法使用 [E:\university_class\ComputerGraphics\GIPC\StiffGIPC_Learning\build\report56_stage1_fix_20261008\linear_structure_probe_gpu_test.vcxproj]
         E:\university_class\ComputerGraphics\GIPC\StiffGIPC_Learning\StiffGIPC\gipc\utils\timer.cpp(272,17): error C2446: “!=”: 没有从“std::_List_iterator<std::_List_val<std::_List_simple_types<_Ty>>>”到“<error type>”的转换 [E:\university_class\ComputerGraphics\GIPC\StiffGIPC_Learning\build\report56_stage1_fix_20261008\linear_structure_probe_gpu_test.vcxproj]
       E:\university_class\ComputerGraphics\GIPC\StiffGIPC_Learning\StiffGIPC\gipc\utils\timer.cpp(272,17): error C2446:         with [E:\university_class\ComputerGraphics\GIPC\StiffGIPC_Learning\build\report56_stage1_fix_20261008\linear_structure_probe_gpu_test.vcxproj]
       E:\university_class\ComputerGraphics\GIPC\StiffGIPC_Learning\StiffGIPC\gipc\utils\timer.cpp(272,17): error C2446:         [ [E:\university_class\ComputerGraphics\GIPC\StiffGIPC_Learning\build\report56_stage1_fix_20261008\linear_structure_probe_gpu_test.vcxproj]
       E:\university_class\ComputerGraphics\GIPC\StiffGIPC_Learning\StiffGIPC\gipc\utils\timer.cpp(272,17): error C2446:             _Ty=std::pair<const std::string,std::unique_ptr<gipc::GlobalTimer::MergeResult,std::default_delete<gipc::GlobalTimer::MergeResult>>> [E:\university_class\ComputerGraphics\GIPC\StiffGIPC_Learning\build\report56_stage1_fix_20261008\linear_structure_probe_gpu_test.vcxproj]
       E:\university_class\ComputerGraphics\GIPC\StiffGIPC_Learning\StiffGIPC\gipc\utils\timer.cpp(272,17): error C2446:         ] [E:\university_class\ComputerGraphics\GIPC\StiffGIPC_Learning\build\report56_stage1_fix_20261008\linear_structure_probe_gpu_test.vcxproj]
         E:\university_class\ComputerGraphics\GIPC\StiffGIPC_Learning\StiffGIPC\gipc\utils\timer.cpp(279,17): error C2429: 语言功能 "结构化绑定" 需要编译器标志 "/std:c++17" [E:\university_class\ComputerGraphics\GIPC\StiffGIPC_Learning\build\report56_stage1_fix_20261008\linear_structure_probe_gpu_test.vcxproj]

    962 个警告
    36 个错误

已用时间 00:10:57.73
Traceback (most recent call last):
  File "E:\university_class\ComputerGraphics\GIPC\StiffGIPC_Learning\tools\build_windows.py", line 123, in <module>
    main()
  File "E:\university_class\ComputerGraphics\GIPC\StiffGIPC_Learning\tools\build_windows.py", line 89, in main
    checked(command, build / 'build.log')
  File "E:\university_class\ComputerGraphics\GIPC\StiffGIPC_Learning\tools\build_windows.py", line 38, in checked
    raise RuntimeError(f'Build command failed ({result.returncode}): {log}')
RuntimeError: Build command failed (1): E:\university_class\ComputerGraphics\GIPC\StiffGIPC_Learning\build\report56_stage1_fix_20261008\build.log
