
Processing 9535 events: [1%                                                    ]
Processing 9535 events: [2%                                                    ]
Processing 9535 events: [3%                                                    ]
Processing 9535 events: [4%                                                    ]
Processing 9535 events: [5%                                                    ]
Processing 9535 events: [=6%                                                   ]
Processing 9535 events: [=7%                                                   ]
Processing 9535 events: [==8%                                                  ]
Processing 9535 events: [==9%                                                  ]
Processing 9535 events: [==10%                                                 ]
Processing 9535 events: [==11%                                                 ]
Processing 9535 events: [===12%                                                ]
Processing 9535 events: [====13%                                               ]
Processing 9535 events: [====14%                                               ]
Processing 9535 events: [=====15%                                              ]
Processing 9535 events: [=====16%                                              ]
Processing 9535 events: [======17%                                             ]
Processing 9535 events: [======18%                                             ]
Processing 9535 events: [=======19%                                            ]
Processing 9535 events: [=======20%                                            ]
Processing 9535 events: [========21%                                           ]
Processing 9535 events: [========22%                                           ]
Processing 9535 events: [=========23%                                          ]
Processing 9535 events: [=========24%                                          ]
Processing 9535 events: [==========25%                                         ]
Processing 9535 events: [===========26%                                        ]
Processing 9535 events: [===========27%                                        ]
Processing 9535 events: [============28%                                       ]
Processing 9535 events: [============29%                                       ]
Processing 9535 events: [=============30%                                      ]
Processing 9535 events: [=============31%                                      ]
Processing 9535 events: [==============32%                                     ]
Processing 9535 events: [==============33%                                     ]
Processing 9535 events: [===============34%                                    ]
Processing 9535 events: [===============35%                                    ]
Processing 9535 events: [================36%                                   ]
Processing 9535 events: [================37%                                   ]
Processing 9535 events: [=================38%                                  ]
Processing 9535 events: [==================39%                                 ]
Processing 9535 events: [==================40%                                 ]
Processing 9535 events: [===================41%                                ]
Processing 9535 events: [===================42%                                ]
Processing 9535 events: [====================43%                               ]
Processing 9535 events: [====================44%                               ]
Processing 9535 events: [=====================45%                              ]
Processing 9535 events: [=====================46%                              ]
Processing 9535 events: [======================47%                             ]
Processing 9535 events: [======================48%                             ]
Processing 9535 events: [=======================49%                            ]
Processing 9535 events: [========================50%                           ]
Processing 9535 events: [========================51%                           ]
Processing 9535 events: [=========================52%                          ]
Processing 9535 events: [=========================53%                          ]
Processing 9535 events: [==========================54%                         ]
Processing 9535 events: [==========================55%                         ]
Processing 9535 events: [===========================56%                        ]
Processing 9535 events: [===========================57%                        ]
Processing 9535 events: [============================58%                       ]
Processing 9535 events: [============================59%                       ]
Processing 9535 events: [=============================60%                      ]
Processing 9535 events: [=============================61%                      ]
Processing 9535 events: [==============================62%                     ]
Processing 9535 events: [===============================63%                    ]
Processing 9535 events: [===============================64%                    ]
Processing 9535 events: [================================65%                   ]
Processing 9535 events: [================================66%                   ]
Processing 9535 events: [=================================67%                  ]
Processing 9535 events: [=================================68%                  ]
Processing 9535 events: [==================================69%                 ]
Processing 9535 events: [==================================70%                 ]
Processing 9535 events: [===================================71%                ]
Processing 9535 events: [===================================72%                ]
Processing 9535 events: [====================================73%               ]
Processing 9535 events: [====================================74%               ]
Processing 9535 events: [=====================================75%              ]
Processing 9535 events: [======================================76%             ]
Processing 9535 events: [======================================77%             ]
Processing 9535 events: [=======================================78%            ]
Processing 9535 events: [=======================================79%            ]
Processing 9535 events: [========================================80%           ]
Processing 9535 events: [========================================81%           ]
Processing 9535 events: [=========================================82%          ]
Processing 9535 events: [=========================================83%          ]
Processing 9535 events: [==========================================84%         ]
Processing 9535 events: [==========================================85%         ]
Processing 9535 events: [===========================================86%        ]
Processing 9535 events: [===========================================87%        ]
Processing 9535 events: [============================================88%       ]
Processing 9535 events: [=============================================89%      ]
Processing 9535 events: [=============================================90%      ]
Processing 9535 events: [==============================================91%     ]
Processing 9535 events: [==============================================92%     ]
Processing 9535 events: [===============================================93%    ]
Processing 9535 events: [===============================================94%    ]
Processing 9535 events: [================================================95%   ]
Processing 9535 events: [================================================96%   ]
Processing 9535 events: [=================================================97%  ]
Processing 9535 events: [=================================================98%  ]
Processing 9535 events: [==================================================99% ]
Processing 9535 events: [==================================================100%]
