
Processing 38659 events: [1%                                                   ]
Processing 38659 events: [2%                                                   ]
Processing 38659 events: [3%                                                   ]
Processing 38659 events: [4%                                                   ]
Processing 38659 events: [5%                                                   ]
Processing 38659 events: [=6%                                                  ]
Processing 38659 events: [=7%                                                  ]
Processing 38659 events: [==8%                                                 ]
Processing 38659 events: [==9%                                                 ]
Processing 38659 events: [==10%                                                ]
Processing 38659 events: [==11%                                                ]
Processing 38659 events: [===12%                                               ]
Processing 38659 events: [===13%                                               ]
Processing 38659 events: [====14%                                              ]
Processing 38659 events: [====15%                                              ]
Processing 38659 events: [=====16%                                             ]
Processing 38659 events: [======17%                                            ]
Processing 38659 events: [======18%                                            ]
Processing 38659 events: [=======19%                                           ]
Processing 38659 events: [=======20%                                           ]
Processing 38659 events: [========21%                                          ]
Processing 38659 events: [========22%                                          ]
Processing 38659 events: [=========23%                                         ]
Processing 38659 events: [=========24%                                         ]
Processing 38659 events: [==========25%                                        ]
Processing 38659 events: [==========26%                                        ]
Processing 38659 events: [===========27%                                       ]
Processing 38659 events: [===========28%                                       ]
Processing 38659 events: [============29%                                      ]
Processing 38659 events: [============30%                                      ]
Processing 38659 events: [=============31%                                     ]
Processing 38659 events: [=============32%                                     ]
Processing 38659 events: [==============33%                                    ]
Processing 38659 events: [===============34%                                   ]
Processing 38659 events: [===============35%                                   ]
Processing 38659 events: [================36%                                  ]
Processing 38659 events: [================37%                                  ]
Processing 38659 events: [=================38%                                 ]
Processing 38659 events: [=================39%                                 ]
Processing 38659 events: [==================40%                                ]
Processing 38659 events: [==================41%                                ]
Processing 38659 events: [===================42%                               ]
Processing 38659 events: [===================43%                               ]
Processing 38659 events: [====================44%                              ]
Processing 38659 events: [====================45%                              ]
Processing 38659 events: [=====================46%                             ]
Processing 38659 events: [=====================47%                             ]
Processing 38659 events: [======================48%                            ]
Processing 38659 events: [======================49%                            ]
Processing 38659 events: [=======================50%                           ]
Processing 38659 events: [========================51%                          ]
Processing 38659 events: [========================52%                          ]
Processing 38659 events: [=========================53%                         ]
Processing 38659 events: [=========================54%                         ]
Processing 38659 events: [==========================55%                        ]
Processing 38659 events: [==========================56%                        ]
Processing 38659 events: [===========================57%                       ]
Processing 38659 events: [===========================58%                       ]
Processing 38659 events: [============================59%                      ]
Processing 38659 events: [============================60%                      ]
Processing 38659 events: [=============================61%                     ]
Processing 38659 events: [=============================62%                     ]
Processing 38659 events: [==============================63%                    ]
Processing 38659 events: [==============================64%                    ]
Processing 38659 events: [===============================65%                   ]
Processing 38659 events: [===============================66%                   ]
Processing 38659 events: [================================67%                  ]
Processing 38659 events: [=================================68%                 ]
Processing 38659 events: [=================================69%                 ]
Processing 38659 events: [==================================70%                ]
Processing 38659 events: [==================================71%                ]
Processing 38659 events: [===================================72%               ]
Processing 38659 events: [===================================73%               ]
Processing 38659 events: [====================================74%              ]
Processing 38659 events: [====================================75%              ]
Processing 38659 events: [=====================================76%             ]
Processing 38659 events: [=====================================77%             ]
Processing 38659 events: [======================================78%            ]
Processing 38659 events: [======================================79%            ]
Processing 38659 events: [=======================================80%           ]
Processing 38659 events: [=======================================81%           ]
Processing 38659 events: [========================================82%          ]
Processing 38659 events: [========================================83%          ]
Processing 38659 events: [=========================================84%         ]
Processing 38659 events: [==========================================85%        ]
Processing 38659 events: [==========================================86%        ]
Processing 38659 events: [===========================================87%       ]
Processing 38659 events: [===========================================88%       ]
Processing 38659 events: [============================================89%      ]
Processing 38659 events: [============================================90%      ]
Processing 38659 events: [=============================================91%     ]
Processing 38659 events: [=============================================92%     ]
Processing 38659 events: [==============================================93%    ]
Processing 38659 events: [==============================================94%    ]
Processing 38659 events: [===============================================95%   ]
Processing 38659 events: [===============================================96%   ]
Processing 38659 events: [================================================97%  ]
Processing 38659 events: [================================================98%  ]
Processing 38659 events: [=================================================99% ]
Processing 38659 events: [=================================================100%]
