{"pid": 7019, "build_pid": 2760, "planned_runs": 21, "recorded_runs": 0, "automatic_retry": false, "total_timeout_seconds": 6000, "stage": "waiting_for_build", "elapsed_seconds": 5.893409252166748e-06}
{"pid": 7019, "build_pid": 2760, "planned_runs": 21, "recorded_runs": 0, "automatic_retry": false, "total_timeout_seconds": 6000, "stage": "sealing", "elapsed_seconds": 0.00029660481959581375}
{"pid": 7019, "build_pid": 2760, "planned_runs": 21, "recorded_runs": 0, "automatic_retry": false, "total_timeout_seconds": 6000, "stage": "running", "elapsed_seconds": 1.6357554225251079, "current_index": 1, "current_task": "01_cloth_hang_l_base"}
{"run": "01_cloth_hang_l_base", "status": "completed", "frames": 120, "solver_seconds": 2.2876271740000003}
{"index": 1, "run": "01_cloth_hang_l_base", "status": "completed", "hard_checks_passed": true, "failures": [], "solver_seconds": 2.2876271740000003}
{"pid": 7019, "build_pid": 2760, "planned_runs": 21, "recorded_runs": 1, "automatic_retry": false, "total_timeout_seconds": 6000, "stage": "analyzed", "elapsed_seconds": 7.825679317116737, "current_index": 1, "current_task": "01_cloth_hang_l_base", "last_result": "completed", "last_hard_checks_passed": true, "last_failures": []}
{"pid": 7019, "build_pid": 2760, "planned_runs": 21, "recorded_runs": 1, "automatic_retry": false, "total_timeout_seconds": 6000, "stage": "running", "elapsed_seconds": 7.827761601656675, "current_index": 2, "current_task": "02_cloth_hang_l_graph", "last_result": "completed", "last_hard_checks_passed": true, "last_failures": []}
{"run": "02_cloth_hang_l_graph", "status": "completed", "frames": 120, "solver_seconds": 1.87894508}
{"index": 2, "run": "02_cloth_hang_l_graph", "status": "completed", "hard_checks_passed": true, "failures": [], "solver_seconds": 1.87894508}
{"pid": 7019, "build_pid": 2760, "planned_runs": 21, "recorded_runs": 2, "automatic_retry": false, "total_timeout_seconds": 6000, "stage": "analyzed", "elapsed_seconds": 14.677758760750294, "current_index": 2, "current_task": "02_cloth_hang_l_graph", "last_result": "completed", "last_hard_checks_passed": true, "last_failures": []}
{"pid": 7019, "build_pid": 2760, "planned_runs": 21, "recorded_runs": 2, "automatic_retry": false, "total_timeout_seconds": 6000, "stage": "running", "elapsed_seconds": 14.679717144928873, "current_index": 3, "current_task": "03_cloth_hang_l_all", "last_result": "completed", "last_hard_checks_passed": true, "last_failures": []}
{"run": "03_cloth_hang_l_all", "status": "completed", "frames": 120, "solver_seconds": 1.617984359}
{"index": 3, "run": "03_cloth_hang_l_all", "status": "completed", "hard_checks_passed": true, "failures": [], "solver_seconds": 1.617984359}
{"pid": 7019, "build_pid": 2760, "planned_runs": 21, "recorded_runs": 3, "automatic_retry": false, "total_timeout_seconds": 6000, "stage": "analyzed", "elapsed_seconds": 20.906510026194155, "current_index": 3, "current_task": "03_cloth_hang_l_all", "last_result": "completed", "last_hard_checks_passed": true, "last_failures": []}
{"pid": 7019, "build_pid": 2760, "planned_runs": 21, "recorded_runs": 3, "automatic_retry": false, "total_timeout_seconds": 6000, "stage": "running", "elapsed_seconds": 20.908009351231158, "current_index": 4, "current_task": "04_cloth_hang_m_graph", "last_result": "completed", "last_hard_checks_passed": true, "last_failures": []}
{"run": "04_cloth_hang_m_graph", "status": "completed", "frames": 120, "solver_seconds": 3.8885187489999997}
{"index": 4, "run": "04_cloth_hang_m_graph", "status": "completed", "hard_checks_passed": true, "failures": [], "solver_seconds": 3.8885187489999997}
{"pid": 7019, "build_pid": 2760, "planned_runs": 21, "recorded_runs": 4, "automatic_retry": false, "total_timeout_seconds": 6000, "stage": "analyzed", "elapsed_seconds": 30.08196195308119, "current_index": 4, "current_task": "04_cloth_hang_m_graph", "last_result": "completed", "last_hard_checks_passed": true, "last_failures": []}
{"pid": 7019, "build_pid": 2760, "planned_runs": 21, "recorded_runs": 4, "automatic_retry": false, "total_timeout_seconds": 6000, "stage": "running", "elapsed_seconds": 30.083312555216253, "current_index": 5, "current_task": "05_cloth_hang_m_all", "last_result": "completed", "last_hard_checks_passed": true, "last_failures": []}
{"run": "05_cloth_hang_m_all", "status": "completed", "frames": 120, "solver_seconds": 3.5797076779999997}
{"index": 5, "run": "05_cloth_hang_m_all", "status": "completed", "hard_checks_passed": true, "failures": [], "solver_seconds": 3.5797076779999997}
{"pid": 7019, "build_pid": 2760, "planned_runs": 21, "recorded_runs": 5, "automatic_retry": false, "total_timeout_seconds": 6000, "stage": "analyzed", "elapsed_seconds": 38.81459497846663, "current_index": 5, "current_task": "05_cloth_hang_m_all", "last_result": "completed", "last_hard_checks_passed": true, "last_failures": []}
{"pid": 7019, "build_pid": 2760, "planned_runs": 21, "recorded_runs": 5, "automatic_retry": false, "total_timeout_seconds": 6000, "stage": "running", "elapsed_seconds": 38.81732917204499, "current_index": 6, "current_task": "06_cloth_hang_m_base", "last_result": "completed", "last_hard_checks_passed": true, "last_failures": []}
{"run": "06_cloth_hang_m_base", "status": "completed", "frames": 120, "solver_seconds": 4.736078196999999}
{"index": 6, "run": "06_cloth_hang_m_base", "status": "completed", "hard_checks_passed": true, "failures": [], "solver_seconds": 4.736078196999999}
{"pid": 7019, "build_pid": 2760, "planned_runs": 21, "recorded_runs": 6, "automatic_retry": false, "total_timeout_seconds": 6000, "stage": "analyzed", "elapsed_seconds": 48.23071867786348, "current_index": 6, "current_task": "06_cloth_hang_m_base", "last_result": "completed", "last_hard_checks_passed": true, "last_failures": []}
{"pid": 7019, "build_pid": 2760, "planned_runs": 21, "recorded_runs": 6, "automatic_retry": false, "total_timeout_seconds": 6000, "stage": "running", "elapsed_seconds": 48.2322512594983, "current_index": 7, "current_task": "07_cloth_sphere7_l_all", "last_result": "completed", "last_hard_checks_passed": true, "last_failures": []}
{"run": "07_cloth_sphere7_l_all", "status": "completed", "frames": 120, "solver_seconds": 4.345866805}
{"index": 7, "run": "07_cloth_sphere7_l_all", "status": "completed", "hard_checks_passed": true, "failures": [], "solver_seconds": 4.345866805}
{"pid": 7019, "build_pid": 2760, "planned_runs": 21, "recorded_runs": 7, "automatic_retry": false, "total_timeout_seconds": 6000, "stage": "analyzed", "elapsed_seconds": 57.43164341710508, "current_index": 7, "current_task": "07_cloth_sphere7_l_all", "last_result": "completed", "last_hard_checks_passed": true, "last_failures": []}
{"pid": 7019, "build_pid": 2760, "planned_runs": 21, "recorded_runs": 7, "automatic_retry": false, "total_timeout_seconds": 6000, "stage": "running", "elapsed_seconds": 57.433738481253386, "current_index": 8, "current_task": "08_cloth_sphere7_l_base", "last_result": "completed", "last_hard_checks_passed": true, "last_failures": []}
{"run": "08_cloth_sphere7_l_base", "status": "completed", "frames": 120, "solver_seconds": 5.28707385}
{"index": 8, "run": "08_cloth_sphere7_l_base", "status": "completed", "hard_checks_passed": true, "failures": [], "solver_seconds": 5.28707385}
{"pid": 7019, "build_pid": 2760, "planned_runs": 21, "recorded_runs": 8, "automatic_retry": false, "total_timeout_seconds": 6000, "stage": "analyzed", "elapsed_seconds": 67.16548244562, "current_index": 8, "current_task": "08_cloth_sphere7_l_base", "last_result": "completed", "last_hard_checks_passed": true, "last_failures": []}
{"pid": 7019, "build_pid": 2760, "planned_runs": 21, "recorded_runs": 8, "automatic_retry": false, "total_timeout_seconds": 6000, "stage": "running", "elapsed_seconds": 67.16733961645514, "current_index": 9, "current_task": "09_cloth_sphere7_l_graph", "last_result": "completed", "last_hard_checks_passed": true, "last_failures": []}
{"run": "09_cloth_sphere7_l_graph", "status": "completed", "frames": 120, "solver_seconds": 4.584495618}
{"index": 9, "run": "09_cloth_sphere7_l_graph", "status": "completed", "hard_checks_passed": true, "failures": [], "solver_seconds": 4.584495618}
{"pid": 7019, "build_pid": 2760, "planned_runs": 21, "recorded_runs": 9, "automatic_retry": false, "total_timeout_seconds": 6000, "stage": "analyzed", "elapsed_seconds": 77.19955345615745, "current_index": 9, "current_task": "09_cloth_sphere7_l_graph", "last_result": "completed", "last_hard_checks_passed": true, "last_failures": []}
{"pid": 7019, "build_pid": 2760, "planned_runs": 21, "recorded_runs": 9, "automatic_retry": false, "total_timeout_seconds": 6000, "stage": "running", "elapsed_seconds": 77.2012455612421, "current_index": 10, "current_task": "10_cloth_sphere7_m_base", "last_result": "completed", "last_hard_checks_passed": true, "last_failures": []}
{"run": "10_cloth_sphere7_m_base", "status": "completed", "frames": 120, "solver_seconds": 8.308677162}
{"index": 10, "run": "10_cloth_sphere7_m_base", "status": "completed", "hard_checks_passed": true, "failures": [], "solver_seconds": 8.308677162}
{"pid": 7019, "build_pid": 2760, "planned_runs": 21, "recorded_runs": 10, "automatic_retry": false, "total_timeout_seconds": 6000, "stage": "analyzed", "elapsed_seconds": 91.08779271598905, "current_index": 10, "current_task": "10_cloth_sphere7_m_base", "last_result": "completed", "last_hard_checks_passed": true, "last_failures": []}
{"pid": 7019, "build_pid": 2760, "planned_runs": 21, "recorded_runs": 10, "automatic_retry": false, "total_timeout_seconds": 6000, "stage": "running", "elapsed_seconds": 91.08951519150287, "current_index": 11, "current_task": "11_cloth_sphere7_m_graph", "last_result": "completed", "last_hard_checks_passed": true, "last_failures": []}
{"run": "11_cloth_sphere7_m_graph", "status": "completed", "frames": 120, "solver_seconds": 6.871872128}
{"index": 11, "run": "11_cloth_sphere7_m_graph", "status": "completed", "hard_checks_passed": true, "failures": [], "solver_seconds": 6.871872128}
{"pid": 7019, "build_pid": 2760, "planned_runs": 21, "recorded_runs": 11, "automatic_retry": false, "total_timeout_seconds": 6000, "stage": "analyzed", "elapsed_seconds": 103.67636897880584, "current_index": 11, "current_task": "11_cloth_sphere7_m_graph", "last_result": "completed", "last_hard_checks_passed": true, "last_failures": []}
{"pid": 7019, "build_pid": 2760, "planned_runs": 21, "recorded_runs": 11, "automatic_retry": false, "total_timeout_seconds": 6000, "stage": "running", "elapsed_seconds": 103.67800935078412, "current_index": 12, "current_task": "12_cloth_sphere7_m_all", "last_result": "completed", "last_hard_checks_passed": true, "last_failures": []}
{"run": "12_cloth_sphere7_m_all", "status": "completed", "frames": 120, "solver_seconds": 6.619080393}
{"index": 12, "run": "12_cloth_sphere7_m_all", "status": "completed", "hard_checks_passed": true, "failures": [], "solver_seconds": 6.619080393}
{"pid": 7019, "build_pid": 2760, "planned_runs": 21, "recorded_runs": 12, "automatic_retry": false, "total_timeout_seconds": 6000, "stage": "analyzed", "elapsed_seconds": 115.66318845655769, "current_index": 12, "current_task": "12_cloth_sphere7_m_all", "last_result": "completed", "last_hard_checks_passed": true, "last_failures": []}
{"pid": 7019, "build_pid": 2760, "planned_runs": 21, "recorded_runs": 12, "automatic_retry": false, "total_timeout_seconds": 6000, "stage": "running", "elapsed_seconds": 115.66497776471078, "current_index": 13, "current_task": "13_cloth_fixed_bunny_l_graph", "last_result": "completed", "last_hard_checks_passed": true, "last_failures": []}
{"run": "13_cloth_fixed_bunny_l_graph", "status": "completed", "frames": 120, "solver_seconds": 5.171430178}
{"index": 13, "run": "13_cloth_fixed_bunny_l_graph", "status": "completed", "hard_checks_passed": true, "failures": [], "solver_seconds": 5.171430178}
{"pid": 7019, "build_pid": 2760, "planned_runs": 21, "recorded_runs": 13, "automatic_retry": false, "total_timeout_seconds": 6000, "stage": "analyzed", "elapsed_seconds": 129.8043645415455, "current_index": 13, "current_task": "13_cloth_fixed_bunny_l_graph", "last_result": "completed", "last_hard_checks_passed": true, "last_failures": []}
{"pid": 7019, "build_pid": 2760, "planned_runs": 21, "recorded_runs": 13, "automatic_retry": false, "total_timeout_seconds": 6000, "stage": "running", "elapsed_seconds": 129.80649266205728, "current_index": 14, "current_task": "14_cloth_fixed_bunny_l_all", "last_result": "completed", "last_hard_checks_passed": true, "last_failures": []}
{"run": "14_cloth_fixed_bunny_l_all", "status": "completed", "frames": 120, "solver_seconds": 4.87591582}
{"index": 14, "run": "14_cloth_fixed_bunny_l_all", "status": "completed", "hard_checks_passed": true, "failures": [], "solver_seconds": 4.87591582}
{"pid": 7019, "build_pid": 2760, "planned_runs": 21, "recorded_runs": 14, "automatic_retry": false, "total_timeout_seconds": 6000, "stage": "analyzed", "elapsed_seconds": 144.19621188007295, "current_index": 14, "current_task": "14_cloth_fixed_bunny_l_all", "last_result": "completed", "last_hard_checks_passed": true, "last_failures": []}
{"pid": 7019, "build_pid": 2760, "planned_runs": 21, "recorded_runs": 14, "automatic_retry": false, "total_timeout_seconds": 6000, "stage": "running", "elapsed_seconds": 144.1977024152875, "current_index": 15, "current_task": "15_cloth_fixed_bunny_l_base", "last_result": "completed", "last_hard_checks_passed": true, "last_failures": []}
{"run": "15_cloth_fixed_bunny_l_base", "status": "completed", "frames": 120, "solver_seconds": 6.5606472899999995}
{"index": 15, "run": "15_cloth_fixed_bunny_l_base", "status": "completed", "hard_checks_passed": true, "failures": [], "solver_seconds": 6.5606472899999995}
{"pid": 7019, "build_pid": 2760, "planned_runs": 21, "recorded_runs": 15, "automatic_retry": false, "total_timeout_seconds": 6000, "stage": "analyzed", "elapsed_seconds": 159.9418295416981, "current_index": 15, "current_task": "15_cloth_fixed_bunny_l_base", "last_result": "completed", "last_hard_checks_passed": true, "last_failures": []}
{"pid": 7019, "build_pid": 2760, "planned_runs": 21, "recorded_runs": 15, "automatic_retry": false, "total_timeout_seconds": 6000, "stage": "running", "elapsed_seconds": 159.94430919364095, "current_index": 16, "current_task": "16_cloth_fixed_bunny_m_all", "last_result": "completed", "last_hard_checks_passed": true, "last_failures": []}
{"run": "16_cloth_fixed_bunny_m_all", "status": "completed", "frames": 120, "solver_seconds": 9.685382099}
{"index": 16, "run": "16_cloth_fixed_bunny_m_all", "status": "completed", "hard_checks_passed": true, "failures": [], "solver_seconds": 9.685382099}
{"pid": 7019, "build_pid": 2760, "planned_runs": 21, "recorded_runs": 16, "automatic_retry": false, "total_timeout_seconds": 6000, "stage": "analyzed", "elapsed_seconds": 181.74903015512973, "current_index": 16, "current_task": "16_cloth_fixed_bunny_m_all", "last_result": "completed", "last_hard_checks_passed": true, "last_failures": []}
{"pid": 7019, "build_pid": 2760, "planned_runs": 21, "recorded_runs": 16, "automatic_retry": false, "total_timeout_seconds": 6000, "stage": "running", "elapsed_seconds": 181.75104005169123, "current_index": 17, "current_task": "17_cloth_fixed_bunny_m_base", "last_result": "completed", "last_hard_checks_passed": true, "last_failures": []}
{"run": "17_cloth_fixed_bunny_m_base", "status": "completed", "frames": 120, "solver_seconds": 12.007165576}
{"index": 17, "run": "17_cloth_fixed_bunny_m_base", "status": "completed", "hard_checks_passed": true, "failures": [], "solver_seconds": 12.007165576}
{"pid": 7019, "build_pid": 2760, "planned_runs": 21, "recorded_runs": 17, "automatic_retry": false, "total_timeout_seconds": 6000, "stage": "analyzed", "elapsed_seconds": 204.65580193977803, "current_index": 17, "current_task": "17_cloth_fixed_bunny_m_base", "last_result": "completed", "last_hard_checks_passed": true, "last_failures": []}
{"pid": 7019, "build_pid": 2760, "planned_runs": 21, "recorded_runs": 17, "automatic_retry": false, "total_timeout_seconds": 6000, "stage": "running", "elapsed_seconds": 204.65763409715146, "current_index": 18, "current_task": "18_cloth_fixed_bunny_m_graph", "last_result": "completed", "last_hard_checks_passed": true, "last_failures": []}
{"run": "18_cloth_fixed_bunny_m_graph", "status": "completed", "frames": 120, "solver_seconds": 9.969804898}
{"index": 18, "run": "18_cloth_fixed_bunny_m_graph", "status": "completed", "hard_checks_passed": true, "failures": [], "solver_seconds": 9.969804898}
{"pid": 7019, "build_pid": 2760, "planned_runs": 21, "recorded_runs": 18, "automatic_retry": false, "total_timeout_seconds": 6000, "stage": "analyzed", "elapsed_seconds": 226.4114620340988, "current_index": 18, "current_task": "18_cloth_fixed_bunny_m_graph", "last_result": "completed", "last_hard_checks_passed": true, "last_failures": []}
{"pid": 7019, "build_pid": 2760, "planned_runs": 21, "recorded_runs": 18, "automatic_retry": false, "total_timeout_seconds": 6000, "stage": "running", "elapsed_seconds": 226.41258237045258, "current_index": 19, "current_task": "19_bunny_cloth_bunny_l_base", "last_result": "completed", "last_hard_checks_passed": true, "last_failures": []}
{"run": "19_bunny_cloth_bunny_l_base", "status": "completed", "frames": 120, "solver_seconds": 10.673079485}
{"index": 19, "run": "19_bunny_cloth_bunny_l_base", "status": "completed", "hard_checks_passed": true, "failures": [], "solver_seconds": 10.673079485}
{"pid": 7019, "build_pid": 2760, "planned_runs": 21, "recorded_runs": 19, "automatic_retry": false, "total_timeout_seconds": 6000, "stage": "analyzed", "elapsed_seconds": 262.3684962661937, "current_index": 19, "current_task": "19_bunny_cloth_bunny_l_base", "last_result": "completed", "last_hard_checks_passed": true, "last_failures": []}
{"pid": 7019, "build_pid": 2760, "planned_runs": 21, "recorded_runs": 19, "automatic_retry": false, "total_timeout_seconds": 6000, "stage": "running", "elapsed_seconds": 262.37049962207675, "current_index": 20, "current_task": "20_bunny_cloth_bunny_l_graph", "last_result": "completed", "last_hard_checks_passed": true, "last_failures": []}
{"run": "20_bunny_cloth_bunny_l_graph", "status": "completed", "frames": 120, "solver_seconds": 10.176622262}
{"index": 20, "run": "20_bunny_cloth_bunny_l_graph", "status": "completed", "hard_checks_passed": true, "failures": [], "solver_seconds": 10.176622262}
{"pid": 7019, "build_pid": 2760, "planned_runs": 21, "recorded_runs": 20, "automatic_retry": false, "total_timeout_seconds": 6000, "stage": "analyzed", "elapsed_seconds": 300.870792446658, "current_index": 20, "current_task": "20_bunny_cloth_bunny_l_graph", "last_result": "completed", "last_hard_checks_passed": true, "last_failures": []}
{"pid": 7019, "build_pid": 2760, "planned_runs": 21, "recorded_runs": 20, "automatic_retry": false, "total_timeout_seconds": 6000, "stage": "running", "elapsed_seconds": 300.8725837795064, "current_index": 21, "current_task": "21_bunny_cloth_bunny_l_all", "last_result": "completed", "last_hard_checks_passed": true, "last_failures": []}
{"run": "21_bunny_cloth_bunny_l_all", "status": "completed", "frames": 120, "solver_seconds": 9.925826773999999}
{"index": 21, "run": "21_bunny_cloth_bunny_l_all", "status": "completed", "hard_checks_passed": true, "failures": [], "solver_seconds": 9.925826773999999}
{"pid": 7019, "build_pid": 2760, "planned_runs": 21, "recorded_runs": 21, "automatic_retry": false, "total_timeout_seconds": 6000, "stage": "analyzed", "elapsed_seconds": 339.4656137265265, "current_index": 21, "current_task": "21_bunny_cloth_bunny_l_all", "last_result": "completed", "last_hard_checks_passed": true, "last_failures": []}
{"pid": 7019, "build_pid": 2760, "planned_runs": 21, "recorded_runs": 21, "automatic_retry": false, "total_timeout_seconds": 6000, "stage": "finalizing", "elapsed_seconds": 339.46600417792797, "current_index": 21, "current_task": "21_bunny_cloth_bunny_l_all", "last_result": "completed", "last_hard_checks_passed": true, "last_failures": []}
{"pid": 7019, "build_pid": 2760, "planned_runs": 21, "recorded_runs": 21, "automatic_retry": false, "total_timeout_seconds": 6000, "stage": "completed", "elapsed_seconds": 355.02095363568515, "current_index": 21, "current_task": "21_bunny_cloth_bunny_l_all", "last_result": "completed", "last_hard_checks_passed": true, "last_failures": [], "report": "reports/autodl_seven_20261008/RESULTS.json", "completed_native_runs": 21, "hard_checks_passed": 21}
